Component: ARM Compiler 5.06 update 5 (build 528) Tool: armlink [4d35e2]

==============================================================================

Section Cross References

    startup_stm32f10x_md.o(STACK) refers (Special) to heapauxi.o(.text) for __use_two_region_memory
    startup_stm32f10x_md.o(HEAP) refers (Special) to heapauxi.o(.text) for __use_two_region_memory
    startup_stm32f10x_md.o(RESET) refers (Special) to heapauxi.o(.text) for __use_two_region_memory
    startup_stm32f10x_md.o(RESET) refers to startup_stm32f10x_md.o(STACK) for __initial_sp
    startup_stm32f10x_md.o(RESET) refers to startup_stm32f10x_md.o(.text) for Reset_Handler
    startup_stm32f10x_md.o(RESET) refers to stm32f10x_it.o(i.NMI_Handler) for NMI_Handler
    startup_stm32f10x_md.o(RESET) refers to stm32f10x_it.o(i.HardFault_Handler) for HardFault_Handler
    startup_stm32f10x_md.o(RESET) refers to stm32f10x_it.o(i.MemManage_Handler) for MemManage_Handler
    startup_stm32f10x_md.o(RESET) refers to stm32f10x_it.o(i.BusFault_Handler) for BusFault_Handler
    startup_stm32f10x_md.o(RESET) refers to stm32f10x_it.o(i.UsageFault_Handler) for UsageFault_Handler
    startup_stm32f10x_md.o(RESET) refers to stm32f10x_it.o(i.SVC_Handler) for SVC_Handler
    startup_stm32f10x_md.o(RESET) refers to stm32f10x_it.o(i.DebugMon_Handler) for DebugMon_Handler
    startup_stm32f10x_md.o(RESET) refers to stm32f10x_it.o(i.PendSV_Handler) for PendSV_Handler
    startup_stm32f10x_md.o(RESET) refers to stm32f10x_it.o(i.SysTick_Handler) for SysTick_Handler
    startup_stm32f10x_md.o(RESET) refers to timer.o(i.TIM4_IRQHandler) for TIM4_IRQHandler
    startup_stm32f10x_md.o(RESET) refers to key.o(i.EXTI15_10_IRQHandler) for EXTI15_10_IRQHandler
    startup_stm32f10x_md.o(.text) refers (Special) to heapauxi.o(.text) for __use_two_region_memory
    startup_stm32f10x_md.o(.text) refers to system_stm32f10x.o(i.SystemInit) for SystemInit
    startup_stm32f10x_md.o(.text) refers to __main.o(!!!main) for __main
    startup_stm32f10x_md.o(.text) refers to startup_stm32f10x_md.o(HEAP) for Heap_Mem
    startup_stm32f10x_md.o(.text) refers to startup_stm32f10x_md.o(STACK) for Stack_Mem
    system_stm32f10x.o(i.SetSysClock) refers to system_stm32f10x.o(i.SetSysClockTo72) for SetSysClockTo72
    system_stm32f10x.o(i.SystemCoreClockUpdate) refers to system_stm32f10x.o(.data) for SystemCoreClock
    system_stm32f10x.o(i.SystemInit) refers to system_stm32f10x.o(i.SetSysClock) for SetSysClock
    stm32f10x_adc.o(i.ADC_DeInit) refers to stm32f10x_rcc.o(i.RCC_APB2PeriphResetCmd) for RCC_APB2PeriphResetCmd
    stm32f10x_bkp.o(i.BKP_DeInit) refers to stm32f10x_rcc.o(i.RCC_BackupResetCmd) for RCC_BackupResetCmd
    stm32f10x_can.o(i.CAN_DeInit) refers to stm32f10x_rcc.o(i.RCC_APB1PeriphResetCmd) for RCC_APB1PeriphResetCmd
    stm32f10x_can.o(i.CAN_GetITStatus) refers to stm32f10x_can.o(i.CheckITStatus) for CheckITStatus
    stm32f10x_cec.o(i.CEC_DeInit) refers to stm32f10x_rcc.o(i.RCC_APB1PeriphResetCmd) for RCC_APB1PeriphResetCmd
    stm32f10x_dac.o(i.DAC_DeInit) refers to stm32f10x_rcc.o(i.RCC_APB1PeriphResetCmd) for RCC_APB1PeriphResetCmd
    stm32f10x_flash.o(i.FLASH_EnableWriteProtection) refers to stm32f10x_flash.o(i.FLASH_WaitForLastOperation) for FLASH_WaitForLastOperation
    stm32f10x_flash.o(i.FLASH_EraseAllBank1Pages) refers to stm32f10x_flash.o(i.FLASH_WaitForLastBank1Operation) for FLASH_WaitForLastBank1Operation
    stm32f10x_flash.o(i.FLASH_EraseAllPages) refers to stm32f10x_flash.o(i.FLASH_WaitForLastOperation) for FLASH_WaitForLastOperation
    stm32f10x_flash.o(i.FLASH_EraseOptionBytes) refers to stm32f10x_flash.o(i.FLASH_GetReadOutProtectionStatus) for FLASH_GetReadOutProtectionStatus
    stm32f10x_flash.o(i.FLASH_EraseOptionBytes) refers to stm32f10x_flash.o(i.FLASH_WaitForLastOperation) for FLASH_WaitForLastOperation
    stm32f10x_flash.o(i.FLASH_ErasePage) refers to stm32f10x_flash.o(i.FLASH_WaitForLastOperation) for FLASH_WaitForLastOperation
    stm32f10x_flash.o(i.FLASH_ProgramHalfWord) refers to stm32f10x_flash.o(i.FLASH_WaitForLastOperation) for FLASH_WaitForLastOperation
    stm32f10x_flash.o(i.FLASH_ProgramOptionByteData) refers to stm32f10x_flash.o(i.FLASH_WaitForLastOperation) for FLASH_WaitForLastOperation
    stm32f10x_flash.o(i.FLASH_ProgramWord) refers to stm32f10x_flash.o(i.FLASH_WaitForLastOperation) for FLASH_WaitForLastOperation
    stm32f10x_flash.o(i.FLASH_ReadOutProtection) refers to stm32f10x_flash.o(i.FLASH_WaitForLastOperation) for FLASH_WaitForLastOperation
    stm32f10x_flash.o(i.FLASH_UserOptionByteConfig) refers to stm32f10x_flash.o(i.FLASH_WaitForLastOperation) for FLASH_WaitForLastOperation
    stm32f10x_flash.o(i.FLASH_WaitForLastBank1Operation) refers to stm32f10x_flash.o(i.FLASH_GetBank1Status) for FLASH_GetBank1Status
    stm32f10x_flash.o(i.FLASH_WaitForLastOperation) refers to stm32f10x_flash.o(i.FLASH_GetBank1Status) for FLASH_GetBank1Status
[...]
    i.OLED_WriteData                         0x08003388   Section        0  oled.o(i.OLED_WriteData)
    i.PWR_EnterSTOPMode                      0x080033b8   Section        0  stm32f10x_pwr.o(i.PWR_EnterSTOPMode)
    i.PWR_WakeUpPinCmd                       0x080033f8   Section        0  stm32f10x_pwr.o(i.PWR_WakeUpPinCmd)
    i.PendSV_Handler                         0x08003404   Section        0  stm32f10x_it.o(i.PendSV_Handler)
    i.Power_Off                              0x08003406   Section        0  main.o(i.Power_Off)
    i.RCC_APB1PeriphClockCmd                 0x08003448   Section        0  stm32f10x_rcc.o(i.RCC_APB1PeriphClockCmd)
    i.RCC_APB2PeriphClockCmd                 0x08003468   Section        0  stm32f10x_rcc.o(i.RCC_APB2PeriphClockCmd)
    i.RandFood                               0x08003488   Section        0  game_snake.o(i.RandFood)
    i.SVC_Handler                            0x08003504   Section        0  stm32f10x_it.o(i.SVC_Handler)
    i.SetSysClock                            0x08003506   Section        0  system_stm32f10x.o(i.SetSysClock)
    SetSysClock                              0x08003507   Thumb Code     8  system_stm32f10x.o(i.SetSysClock)
    i.SetSysClockTo72                        0x08003510   Section        0  system_stm32f10x.o(i.SetSysClockTo72)
    SetSysClockTo72                          0x08003511   Thumb Code   214  system_stm32f10x.o(i.SetSysClockTo72)
    i.Set_CursorStyle                        0x080035f0   Section        0  menu_setting.o(i.Set_CursorStyle)
    i.Set_animation_speed                    0x08003678   Section        0  menu_setting.o(i.Set_animation_speed)
    i.SysTick_Handler                        0x08003774   Section        0  stm32f10x_it.o(i.SysTick_Handler)
    i.SystemInit                             0x08003778   Section        0  system_stm32f10x.o(i.SystemInit)
    i.TI1_Config                             0x080037d8   Section        0  stm32f10x_tim.o(i.TI1_Config)
    TI1_Config                               0x080037d9   Thumb Code   108  stm32f10x_tim.o(i.TI1_Config)
    i.TI2_Config                             0x08003858   Section        0  stm32f10x_tim.o(i.TI2_Config)
    TI2_Config                               0x08003859   Thumb Code   130  stm32f10x_tim.o(i.TI2_Config)
    i.TI3_Config                             0x080038f0   Section        0  stm32f10x_tim.o(i.TI3_Config)
    TI3_Config                               0x080038f1   Thumb Code   122  stm32f10x_tim.o(i.TI3_Config)
    i.TI4_Config                             0x08003980   Section        0  stm32f10x_tim.o(i.TI4_Config)
    TI4_Config                               0x08003981   Thumb Code   130  stm32f10x_tim.o(i.TI4_Config)
    i.TIM4_IRQHandler                        0x08003a18   Section        0  timer.o(i.TIM4_IRQHandler)
    i.TIM_ClearFlag                          0x08003a44   Section        0  stm32f10x_tim.o(i.TIM_ClearFlag)
    i.TIM_ClearITPendingBit                  0x08003a4a   Section        0  stm32f10x_tim.o(i.TIM_ClearITPendingBit)
    i.TIM_Cmd                                0x08003a50   Section        0  stm32f10x_tim.o(i.TIM_Cmd)
    i.TIM_EncoderInterfaceConfig             0x08003a68   Section        0  stm32f10x_tim.o(i.TIM_EncoderInterfaceConfig)
    i.TIM_GetCounter                         0x08003aaa   Section        0  stm32f10x_tim.o(i.TIM_GetCounter)
    i.TIM_GetITStatus                        0x08003ab0   Section        0  stm32f10x_tim.o(i.TIM_GetITStatus)
    i.TIM_ICInit                             0x08003ad4   Section        0  stm32f10x_tim.o(i.TIM_ICInit)
    i.TIM_ICStructInit                       0x08003b80   Section        0  stm32f10x_tim.o(i.TIM_ICStructInit)
    i.TIM_ITConfig                           0x08003b92   Section        0  stm32f10x_tim.o(i.TIM_ITConfig)
    i.TIM_InternalClockConfig                0x08003ba4   Section        0  stm32f10x_tim.o(i.TIM_InternalClockConfig)
    i.TIM_SetCounter                         0x08003bb0   Section        0  stm32f10x_tim.o(i.TIM_SetCounter)
    i.TIM_SetIC1Prescaler                    0x08003bb4   Section        0  stm32f10x_tim.o(i.TIM_SetIC1Prescaler)
    i.TIM_SetIC2Prescaler                    0x08003bc6   Section        0  stm32f10x_tim.o(i.TIM_SetIC2Prescaler)
    i.TIM_SetIC3Prescaler                    0x08003be0   Section        0  stm32f10x_tim.o(i.TIM_SetIC3Prescaler)
    i.TIM_SetIC4Prescaler                    0x08003bf2   Section        0  stm32f10x_tim.o(i.TIM_SetIC4Prescaler)
    i.TIM_TimeBaseInit                       0x08003c0c   Section        0  stm32f10x_tim.o(i.TIM_TimeBaseInit)
    i.Timer_Init                             0x08003cb0   Section        0  timer.o(i.Timer_Init)
    i.UsageFault_Handler                     0x08003d30   Section        0  stm32f10x_it.o(i.UsageFault_Handler)
    i.__ARM_fpclassify                       0x08003d34   Section        0  fpclassify.o(i.__ARM_fpclassify)
    i._is_digit                              0x08003d5c   Section        0  __printf_wp.o(i._is_digit)
    i.main                                   0x08003d6a   Section        0  main.o(i.main)
    locale$$code                             0x08003d88   Section       44  lc_numeric_c.o(locale$$code)
    locale$$code                             0x08003db4   Section       44  lc_ctype_c.o(locale$$code)
    x$fpl$dretinf                            0x08003de0   Section       12  dretinf.o(x$fpl$dretinf)
    x$fpl$f2d                                0x08003dec   Section       86  f2d.o(x$fpl$f2d)
    x$fpl$fadd                               0x08003e44   Section      196  faddsub_clz.o(x$fpl$fadd)
    _fadd1                                   0x08003e53   Thumb Code     0  faddsub_clz.o(x$fpl$fadd)
    x$fpl$fcmpinf                            0x08003f08   Section       24  fcmpi.o(x$fpl$fcmpinf)
    x$fpl$fdiv                               0x08003f20   Section      388  fdiv.o(x$fpl$fdiv)
    _fdiv1                                   0x08003f21   Thumb Code     0  fdiv.o(x$fpl$fdiv)
    x$fpl$ffix                               0x080040a4   Section       54  ffix.o(x$fpl$ffix)
    x$fpl$ffixu                              0x080040dc   Section       62  ffixu.o(x$fpl$ffixu)
    x$fpl$fflt                               0x0800411c   Section       48  fflt_clz.o(x$fpl$fflt)
    x$fpl$fleqf                              0x0800414c   Section      104  fleqf.o(x$fpl$fleqf)
    x$fpl$fmul                               0x080041b4   Section      258  fmul.o(x$fpl$fmul)
    x$fpl$fnaninf                            0x080042b6   Section      140  fnaninf.o(x$fpl$fnaninf)
    x$fpl$fretinf                            0x08004342   Section       10  fretinf.o(x$fpl$fretinf)
    x$fpl$frleqf                             0x0800434c   Section       98  frleqf.o(x$fpl$frleqf)
    x$fpl$frsb                               0x080043ae   Section       20  faddsub_clz.o(x$fpl$frsb)
    x$fpl$fsub                               0x080043c4   Section      234  faddsub_clz.o(x$fpl$fsub)
    _fsub1                                   0x080043d3   Thumb Code     0  faddsub_clz.o(x$fpl$fsub)
    x$fpl$printf1                            0x080044ae   Section        4  printf1.o(x$fpl$printf1)
    x$fpl$printf2                            0x080044b2   Section        4  printf2.o(x$fpl$printf2)
    .constdata                               0x080044b6   Section       48  game_snake.o(.constdata)
    x$fpl$usenofp                            0x080044b6   Section        0  usenofp.o(x$fpl$usenofp)
    .constdata                               0x080044e6   Section     1728  oled_data_hanzi.o(.constdata)
    .constdata                               0x08004ba6   Section     3208  oled_data_image.o(.constdata)
    .constdata                               0x0800582e   Section     2122  oled_data_ascii.o(.constdata)
    .constdata                               0x08006078   Section        8  _printf_wctomb.o(.constdata)
    initial_mbstate                          0x08006078   Data           8  _printf_wctomb.o(.constdata)
    .constdata                               0x08006080   Section       40  _printf_hex_int_ll_ptr.o(.constdata)
    uc_hextab                                0x08006080   Data          20  _printf_hex_int_ll_ptr.o(.constdata)
    lc_hextab                                0x08006094   Data          20  _printf_hex_int_ll_ptr.o(.constdata)
    .constdata                               0x080060a8   Section       17  __printf_flags_ss_wp.o(.constdata)
    maptable                                 0x080060a8   Data          17  __printf_flags_ss_wp.o(.constdata)
    .constdata                               0x080060b9   Section       38  _printf_fp_hex.o(.constdata)
    lc_hextab                                0x080060b9   Data          19  _printf_fp_hex.o(.constdata)
    uc_hextab                                0x080060cc   Data          19  _printf_fp_hex.o(.constdata)
    .constdata                               0x080060e0   Section      148  bigflt0.o(.constdata)
    tenpwrs_x                                0x080060e0   Data          60  bigflt0.o(.constdata)
    tenpwrs_i                                0x0800611c   Data          64  bigflt0.o(.constdata)
    .conststring                             0x08006174   Section       42  menu_data.o(.conststring)
    .conststring                             0x080061a0   Section       41  menu_setting.o(.conststring)
    locale$$data                             0x080061ec   Section       28  lc_numeric_c.o(locale$$data)
    __lcnum_c_name                           0x080061f0   Data           2  lc_numeric_c.o(locale$$data)
    __lcnum_c_start                          0x080061f8   Data           0  lc_numeric_c.o(locale$$data)
    __lcnum_c_point                          0x08006204   Data           0  lc_numeric_c.o(locale$$data)
    __lcnum_c_thousands                      0x08006206   Data           0  lc_numeric_c.o(locale$$data)
    __lcnum_c_grouping                       0x08006207   Data           0  lc_numeric_c.o(locale$$data)
    locale$$data                             0x08006208   Section      272  lc_ctype_c.o(locale$$data)
    __lcnum_c_end                            0x08006208   Data           0  lc_numeric_c.o(locale$$data)
    __lcctype_c_name                         0x0800620c   Data           2  lc_ctype_c.o(locale$$data)
    __lcctype_c_start                        0x08006214   Data           0  lc_ctype_c.o(locale$$data)
    __lcctype_c_end                          0x08006318   Data           0  lc_ctype_c.o(locale$$data)
    .data                                    0x20000000   Section        4  timer.o(.data)
    .data                                    0x20000004   Section        2  encoder.o(.data)
    .data                                    0x20000006   Section        4  key.o(.data)
    .data                                    0x2000000a   Section        2  game_snake.o(.data)
    .data                                    0x2000000c   Section       36  menu.o(.data)
    .data                                    0x20000030   Section      128  menu_data.o(.data)
    Menu_StartOptionList                     0x20000030   Data          80  menu_data.o(.data)
    Menu_GamesOptionList                     0x20000080   Data          48  menu_data.o(.data)
    .data                                    0x200000b0   Section       65  menu_setting.o(.data)
    State                                    0x200000f0   Data           1  menu_setting.o(.data)
    .bss                                     0x200000f4   Section      128  game_snake.o(.bss)
    .bss                                     0x20000174   Section     1024  oled.o(.bss)
    .bss                                     0x20000574   Section      228  rand.o(.bss)
    .bss                                     0x20000658   Section       96  libspace.o(.bss)
    HEAP                                     0x200006b8   Section      512  startup_stm32f10x_md.o(HEAP)
    Heap_Mem                                 0x200006b8   Data         512  startup_stm32f10x_md.o(HEAP)
    STACK                                    0x200008b8   Section     1024  startup_stm32f10x_md.o(STACK)
    Stack_Mem                                0x200008b8   Data        1024  startup_stm32f10x_md.o(STACK)
    __initial_sp                             0x20000cb8   Data           0  startup_stm32f10x_md.o(STACK)

    Global Symbols

    Symbol Name                              Value     Ov Type        Size  Object(Section)

    BuildAttributes$$THM_ISAv4$P$D$K$B$S$PE$A:L22UL41UL21$X:L11$S22US41US21$IEEE1$IW$USESV6$~STKCKD$USESV7$~SHL$OTIME$ROPI$IEEEX$EBA8$UX$STANDARDLIB$REQ8$PRES8$EABIv2 0x00000000   Number         0  anon$$obj.o ABSOLUTE
    __ARM_use_no_argv                        0x00000000   Number         0  main.o ABSOLUTE
    _printf_flags                            0x00000000   Number         0  printf_stubs.o ABSOLUTE
    _printf_return_value                     0x00000000   Number         0  printf_stubs.o ABSOLUTE
    _printf_sizespec                         0x00000000   Number         0  printf_stubs.o ABSOLUTE
    _printf_widthprec                        0x00000000   Number         0  printf_stubs.o ABSOLUTE
    __ARM_exceptions_init                     - Undefined Weak Reference
    __alloca_initialize                       - Undefined Weak Reference
    __arm_preinit_                            - Undefined Weak Reference
    __cpp_initialize__aeabi_                  - Undefined Weak Reference
    __cxa_finalize                            - Undefined Weak Reference
    __sigvec_lookup                           - Undefined Weak Reference
    _atexit_init                              - Undefined Weak Reference
    _call_atexit_fns                          - Undefined Weak Reference
    _clock_init                               - Undefined Weak Reference
    _fp_trap_init                             - Undefined Weak Reference
    _fp_trap_shutdown                         - Undefined Weak Reference
    _get_lc_collate                           - Undefined Weak Reference
    _get_lc_monetary                          - Undefined Weak Reference
    _get_lc_time                              - Undefined Weak Reference
    _getenv_init                              - Undefined Weak Reference
    _handle_redirection                       - Undefined Weak Reference
    _init_alloc                               - Undefined Weak Reference
    _init_user_alloc                          - Undefined Weak Reference
    _initio                                   - Undefined Weak Reference
    _printf_mbtowc                            - Undefined Weak Reference
    _printf_wc                                - Undefined Weak Reference
    _signal_finish                            - Undefined Weak Reference
    _signal_init                              - Undefined Weak Reference
    _terminate_alloc                          - Undefined Weak Reference
    _terminate_user_alloc                     - Undefined Weak Reference
    _terminateio                              - Undefined Weak Reference
    __Vectors_Size                           0x000000ec   Number         0  startup_stm32f10x_md.o ABSOLUTE
    __Vectors                                0x08000000   Data           4  startup_stm32f10x_md.o(RESET)
    __Vectors_End                            0x080000ec   Data           0  startup_stm32f10x_md.o(RESET)
    __main                                   0x080000ed   Thumb Code     8  __main.o(!!!main)
    __scatterload                            0x080000f5   Thumb Code     0  __scatter.o(!!!scatter)
    __scatterload_rt2                        0x080000f5   Thumb Code    44  __scatter.o(!!!scatter)
    __scatterload_rt2_thumb_only             0x080000f5   Thumb Code     0  __scatter.o(!!!scatter)
    __scatterload_null                       0x08000103   Thumb Code     0  __scatter.o(!!!scatter)
    __scatterload_copy                       0x08000129   Thumb Code    26  __scatter_copy.o(!!handler_copy)
    __scatterload_zeroinit                   0x08000145   Thumb Code    28  __scatter_zi.o(!!handler_zi)
    _printf_n                                0x08000161   Thumb Code     0  _printf_n.o(.ARM.Collect$$_printf_percent$$00000001)
    _printf_percent                          0x08000161   Thumb Code     0  _printf_percent.o(.ARM.Collect$$_printf_percent$$00000000)
    _printf_p                                0x08000167   Thumb Code     0  _printf_p.o(.ARM.Collect$$_printf_percent$$00000002)
    _printf_f                                0x0800016d   Thumb Code     0  _printf_f.o(.ARM.Collect$$_printf_percent$$00000003)
    _printf_e                                0x08000173   Thumb Code     0  _printf_e.o(.ARM.Collect$$_printf_percent$$00000004)
    _printf_g                                0x08000179   Thumb Code     0  _printf_g.o(.ARM.Collect$$_printf_percent$$00000005)
    _printf_a                                0x0800017f   Thumb Code     0  _printf_a.o(.ARM.Collect$$_printf_percent$$00000006)
    _printf_ll                               0x08000185   Thumb Code     0  _printf_ll.o(.ARM.Collect$$_printf_percent$$00000007)
    _printf_i                                0x0800018f   Thumb Code     0  _printf_i.o(.ARM.Collect$$_printf_percent$$00000008)
    _printf_d                                0x08000195   Thumb Code     0  _printf_d.o(.ARM.Collect$$_printf_percent$$00000009)
    _printf_u                                0x0800019b   Thumb Code     0  _printf_u.o(.ARM.Collect$$_printf_percent$$0000000A)
    _printf_o                                0x080001a1   Thumb Code     0  _printf_o.o(.ARM.Collect$$_printf_percent$$0000000B)
    _printf_x                                0x080001a7   Thumb Code     0  _printf_x.o(.ARM.Collect$$_printf_percent$$0000000C)
    _printf_lli                              0x080001ad   Thumb Code     0  _printf_lli.o(.ARM.Collect$$_printf_percent$$0000000D)
    _printf_lld                              0x080001b3   Thumb Code     0  _printf_lld.o(.ARM.Collect$$_printf_percent$$0000000E)
    _printf_llu                              0x080001b9   Thumb Code     0  _printf_llu.o(.ARM.Collect$$_printf_percent$$0000000F)
    _printf_llo                              0x080001bf   Thumb Code     0  _printf_llo.o(.ARM.Collect$$_printf_percent$$00000010)
    _printf_llx                              0x080001c5   Thumb Code     0  _printf_llx.o(.ARM.Collect$$_printf_percent$$00000011)
    _printf_l                                0x080001cb   Thumb Code     0  _printf_l.o(.ARM.Collect$$_printf_percent$$00000012)
    _printf_c                                0x080001d5   Thumb Code     0  _printf_c.o(.ARM.Collect$$_printf_percent$$00000013)
    _printf_s                                0x080001db   Thumb Code     0  _printf_s.o(.ARM.Collect$$_printf_percent$$00000014)
    _printf_lc                               0x080001e1   Thumb Code     0  _printf_lc.o(.ARM.Collect$$_printf_percent$$00000015)
    _printf_ls                               0x080001e7   Thumb Code     0  _printf_ls.o(.ARM.Collect$$_printf_percent$$00000016)
    _printf_percent_end                      0x080001ed   Thumb Code     0  _printf_percent_end.o(.ARM.Collect$$_printf_percent$$00000017)
    __rt_lib_init                            0x080001f1   Thumb Code     0  libinit.o(.ARM.Collect$$libinit$$00000000)
    __rt_lib_init_fp_1                       0x080001f3   Thumb Code     0  libinit2.o(.ARM.Collect$$libinit$$00000002)
    __rt_lib_init_heap_1                     0x080001f3   Thumb Code     0  libinit2.o(.ARM.Collect$$libinit$$0000000A)
    __rt_lib_init_preinit_1                  0x080001f3   Thumb Code     0  libinit2.o(.ARM.Collect$$libinit$$00000004)
    __rt_lib_init_rand_2                     0x080001f3   Thumb Code     0  libinit2.o(.ARM.Collect$$libinit$$0000000D)
    __rt_lib_init_user_alloc_1               0x080001f3   Thumb Code     0  libinit2.o(.ARM.Collect$$libinit$$0000000C)
    __rt_lib_init_lc_common                  0x080001f7   Thumb Code     0  libinit2.o(.ARM.Collect$$libinit$$0000000F)
    __rt_lib_init_rand_1                     0x080001f7   Thumb Code     0  libinit2.o(.ARM.Collect$$libinit$$0000000E)
    __rt_lib_init_lc_collate_1               0x080001fd   Thumb Code     0  libinit2.o(.ARM.Collect$$libinit$$00000011)
    __rt_lib_init_lc_ctype_2                 0x080001fd   Thumb Code     0  libinit2.o(.ARM.Collect$$libinit$$00000012)
    __rt_lib_init_lc_ctype_1                 0x08000209   Thumb Code     0  libinit2.o(.ARM.Collect$$libinit$$00000013)
    __rt_lib_init_lc_monetary_1              0x08000209   Thumb Code     0  libinit2.o(.ARM.Collect$$libinit$$00000015)
    __rt_lib_init_lc_numeric_2               0x08000209   Thumb Code     0  libinit2.o(.ARM.Collect$$libinit$$00000016)
    __rt_lib_init_alloca_1                   0x08000213   Thumb Code     0  libinit2.o(.ARM.Collect$$libinit$$0000002E)
    __rt_lib_init_argv_1                     0x08000213   Thumb Code     0  libinit2.o(.ARM.Collect$$libinit$$0000002C)
    __rt_lib_init_atexit_1                   0x08000213   Thumb Code     0  libinit2.o(.ARM.Collect$$libinit$$0000001B)
    __rt_lib_init_clock_1                    0x08000213   Thumb Code     0  libinit2.o(.ARM.Collect$$libinit$$00000021)
    __rt_lib_init_cpp_1                      0x08000213   Thumb Code     0  libinit2.o(.ARM.Collect$$libinit$$00000032)
    __rt_lib_init_exceptions_1               0x08000213   Thumb Code     0  libinit2.o(.ARM.Collect$$libinit$$00000030)
    __rt_lib_init_fp_trap_1                  0x08000213   Thumb Code     0  libinit2.o(.ARM.Collect$$libinit$$0000001F)
    __rt_lib_init_getenv_1                   0x08000213   Thumb Code     0  libinit2.o(.ARM.Collect$$libinit$$00000023)
    __rt_lib_init_lc_numeric_1               0x08000213   Thumb Code     0  libinit2.o(.ARM.Collect$$libinit$$00000017)
    __rt_lib_init_lc_time_1                  0x08000213   Thumb Code     0  libinit2.o(.ARM.Collect$$libinit$$00000019)
    __rt_lib_init_return                     0x08000213   Thumb Code     0  libinit2.o(.ARM.Collect$$libinit$$00000033)
    __rt_lib_init_signal_1                   0x08000213   Thumb Code     0  libinit2.o(.ARM.Collect$$libinit$$0000001D)
    __rt_lib_init_stdio_1                    0x08000213   Thumb Code     0  libinit2.o(.ARM.Collect$$libinit$$00000025)
    __rt_lib_shutdown                        0x08000215   Thumb Code     0  libshutdown.o(.ARM.Collect$$libshutdown$$00000000)
    __rt_lib_shutdown_cpp_1                  0x08000217   Thumb Code     0  libshutdown2.o(.ARM.Collect$$libshutdown$$00000002)
    __rt_lib_shutdown_fp_trap_1              0x08000217   Thumb Code     0  libshutdown2.o(.ARM.Collect$$libshutdown$$00000007)
    __rt_lib_shutdown_heap_1                 0x08000217   Thumb Code     0  libshutdown2.o(.ARM.Collect$$libshutdown$$0000000F)
    __rt_lib_shutdown_return                 0x08000217   Thumb Code     0  libshutdown2.o(.ARM.Collect$$libshutdown$$00000010)
    __rt_lib_shutdown_signal_1               0x08000217   Thumb Code     0  libshutdown2.o(.ARM.Collect$$libshutdown$$0000000A)
    __rt_lib_shutdown_stdio_1                0x08000217   Thumb Code     0  libshutdown2.o(.ARM.Collect$$libshutdown$$00000004)
    __rt_lib_shutdown_user_alloc_1           0x08000217   Thumb Code     0  libshutdown2.o(.ARM.Collect$$libshutdown$$0000000C)
    __rt_entry                               0x08000219   Thumb Code     0  __rtentry.o(.ARM.Collect$$rtentry$$00000000)
    __rt_entry_presh_1                       0x08000219   Thumb Code     0  __rtentry2.o(.ARM.Collect$$rtentry$$00000002)
    __rt_entry_sh                            0x08000219   Thumb Code     0  __rtentry4.o(.ARM.Collect$$rtentry$$00000004)
    __rt_entry_li                            0x0800021f   Thumb Code     0  __rtentry2.o(.ARM.Collect$$rtentry$$0000000A)
    __rt_entry_postsh_1                      0x0800021f   Thumb Code     0  __rtentry2.o(.ARM.Collect$$rtentry$$00000009)
    __rt_entry_main                          0x08000223   Thumb Code     0  __rtentry2.o(.ARM.Collect$$rtentry$$0000000D)
    __rt_entry_postli_1                      0x08000223   Thumb Code     0  __rtentry2.o(.ARM.Collect$$rtentry$$0000000C)
    __rt_exit                                0x0800022b   Thumb Code     0  rtexit.o(.ARM.Collect$$rtexit$$00000000)
    __rt_exit_ls                             0x0800022d   Thumb Code     0  rtexit2.o(.ARM.Collect$$rtexit$$00000003)
    __rt_exit_prels_1                        0x0800022d   Thumb Code     0  rtexit2.o(.ARM.Collect$$rtexit$$00000002)
    __rt_exit_exit                           0x08000231   Thumb Code     0  rtexit2.o(.ARM.Collect$$rtexit$$00000004)
    rand                                     0x08000239   Thumb Code    48  rand.o(.emb_text)
    Reset_Handler                            0x0800026d   Thumb Code     8  startup_stm32f10x_md.o(.text)
    ADC1_2_IRQHandler                        0x08000287   Thumb Code     0  startup_stm32f10x_md.o(.text)
    CAN1_RX1_IRQHandler                      0x08000287   Thumb Code     0  startup_stm32f10x_md.o(.text)
    CAN1_SCE_IRQHandler                      0x08000287   Thumb Code     0  startup_stm32f10x_md.o(.text)
    DMA1_Channel1_IRQHandler                 0x08000287   Thumb Code     0  startup_stm32f10x_md.o(.text)
    DMA1_Channel2_IRQHandler                 0x08000287   Thumb Code     0  startup_stm32f10x_md.o(.text)
    DMA1_Channel3_IRQHandler                 0x08000287   Thumb Code     0  startup_stm32f10x_md.o(.text)
    DMA1_Channel4_IRQHandler                 0x08000287   Thumb Code     0  startup_stm32f10x_md.o(.text)
    DMA1_Channel5_IRQHandler                 0x08000287   Thumb Code     0  startup_stm32f10x_md.o(.text)
    DMA1_Channel6_IRQHandler                 0x08000287   Thumb Code     0  startup_stm32f10x_md.o(.text)
    DMA1_Channel7_IRQHandler                 0x08000287   Thumb Code     0  startup_stm32f10x_md.o(.text)
    EXTI0_IRQHandler                         0x08000287   Thumb Code     0  startup_stm32f10x_md.o(.text)
    EXTI1_IRQHandler                         0x08000287   Thumb Code     0  startup_stm32f10x_md.o(.text)
    EXTI2_IRQHandler                         0x08000287   Thumb Code     0  startup_stm32f10x_md.o(.text)
    EXTI3_IRQHandler                         0x08000287   Thumb Code     0  startup_stm32f10x_md.o(.text)
    EXTI4_IRQHandler                         0x08000287   Thumb Code     0  startup_stm32f10x_md.o(.text)
    EXTI9_5_IRQHandler                       0x08000287   Thumb Code     0  startup_stm32f10x_md.o(.text)
    FLASH_IRQHandler                         0x08000287   Thumb Code     0  startup_stm32f10x_md.o(.text)
    I2C1_ER_IRQHandler                       0x08000287   Thumb Code     0  startup_stm32f10x_md.o(.text)
    I2C1_EV_IRQHandler                       0x08000287   Thumb Code     0  startup_stm32f10x_md.o(.text)
    I2C2_ER_IRQHandler                       0x08000287   Thumb Code     0  startup_stm32f10x_md.o(.text)
    I2C2_EV_IRQHandler                       0x08000287   Thumb Code     0  startup_stm32f10x_md.o(.text)
    PVD_IRQHandler                           0x08000287   Thumb Code     0  startup_stm32f10x_md.o(.text)
    RCC_IRQHandler                           0x08000287   Thumb Code     0  startup_stm32f10x_md.o(.text)
    RTCAlarm_IRQHandler                      0x08000287   Thumb Code     0  startup_stm32f10x_md.o(.text)
    RTC_IRQHandler                           0x08000287   Thumb Code     0  startup_stm32f10x_md.o(.text)
    SPI1_IRQHandler                          0x08000287   Thumb Code     0  startup_stm32f10x_md.o(.text)
    SPI2_IRQHandler                          0x08000287   Thumb Code     0  startup_stm32f10x_md.o(.text)
    TAMPER_IRQHandler                        0x08000287   Thumb Code     0  startup_stm32f10x_md.o(.text)
    TIM1_BRK_IRQHandler                      0x08000287   Thumb Code     0  startup_stm32f10x_md.o(.text)
    TIM1_CC_IRQHandler                       0x08000287   Thumb Code     0  startup_stm32f10x_md.o(.text)
    TIM1_TRG_COM_IRQHandler                  0x08000287   Thumb Code     0  startup_stm32f10x_md.o(.text)
    TIM1_UP_IRQHandler                       0x08000287   Thumb Code     0  startup_stm32f10x_md.o(.text)
    TIM2_IRQHandler                          0x08000287   Thumb Code     0  startup_stm32f10x_md.o(.text)
    TIM3_IRQHandler                          0x08000287   Thumb Code     0  startup_stm32f10x_md.o(.text)
    USART1_IRQHandler                        0x08000287   Thumb Code     0  startup_stm32f10x_md.o(.text)
    USART2_IRQHandler                        0x08000287   Thumb Code     0  startup_stm32f10x_md.o(.text)
    USART3_IRQHandler                        0x08000287   Thumb Code     0  startup_stm32f10x_md.o(.text)
    USBWakeUp_IRQHandler                     0x08000287   Thumb Code     0  startup_stm32f10x_md.o(.text)
    USB_HP_CAN1_TX_IRQHandler                0x08000287   Thumb Code     0  startup_stm32f10x_md.o(.text)
    USB_LP_CAN1_RX0_IRQHandler               0x08000287   Thumb Code     0  startup_stm32f10x_md.o(.text)
    WWDG_IRQHandler                          0x08000287   Thumb Code     0  startup_stm32f10x_md.o(.text)
    __user_initial_stackheap                 0x08000289   Thumb Code     0  startup_stm32f10x_md.o(.text)
    vsprintf                                 0x080002ad   Thumb Code    32  vsprintf.o(.text)
    srand                                    0x080002d1   Thumb Code    42  rand.o(.text)
    _rand_init                               0x080002fb   Thumb Code     4  rand.o(.text)
    strcmp                                   0x0800030d   Thumb Code   128  strcmpv7m.o(.text)
    __use_two_region_memory                  0x0800038d   Thumb Code     2  heapauxi.o(.text)
    __rt_heap_escrow$2region                 0x0800038f   Thumb Code     2  heapauxi.o(.text)
    __rt_heap_expand$2region                 0x08000391   Thumb Code     2  heapauxi.o(.text)
    _printf_pre_padding                      0x08000393   Thumb Code    44  _printf_pad.o(.text)
    _printf_post_padding                     0x080003bf   Thumb Code    34  _printf_pad.o(.text)
    _printf_truncate_signed                  0x080003e1   Thumb Code    18  _printf_truncate.o(.text)
    _printf_truncate_unsigned                0x080003f3   Thumb Code    18  _printf_truncate.o(.text)
    _printf_str                              0x08000405   Thumb Code    82  _printf_str.o(.text)
    _printf_int_dec                          0x08000459   Thumb Code   104  _printf_dec.o(.text)
    _printf_charcount                        0x080004d1   Thumb Code    40  _printf_charcount.o(.text)
    _printf_char_common                      0x08000503   Thumb Code    32  _printf_char_common.o(.text)
    _sputc                                   0x08000529   Thumb Code    10  _sputc.o(.text)
    _printf_wctomb                           0x08000535   Thumb Code   182  _printf_wctomb.o(.text)
    _printf_longlong_dec                     0x080005f1   Thumb Code   108  _printf_longlong_dec.o(.text)
    _printf_longlong_oct                     0x0800066d   Thumb Code    66  _printf_oct_int_ll.o(.text)
    _printf_int_oct                          0x080006af   Thumb Code    24  _printf_oct_int_ll.o(.text)
    _printf_ll_oct                           0x080006c7   Thumb Code    12  _printf_oct_int_ll.o(.text)
    _printf_longlong_hex                     0x080006dd   Thumb Code    86  _printf_hex_int_ll_ptr.o(.text)
    _printf_int_hex                          0x08000733   Thumb Code    28  _printf_hex_int_ll_ptr.o(.text)
    _printf_ll_hex                           0x0800074f   Thumb Code    12  _printf_hex_int_ll_ptr.o(.text)
    _printf_hex_ptr                          0x0800075b   Thumb Code    18  _printf_hex_int_ll_ptr.o(.text)
    __printf                                 0x08000771   Thumb Code   388  __printf_flags_ss_wp.o(.text)
    _ll_udiv10                               0x080008f9   Thumb Code   138  lludiv10.o(.text)
    _printf_int_common                       0x08000983   Thumb Code   178  _printf_intcommon.o(.text)
    __lib_sel_fp_printf                      0x08000a35   Thumb Code     2  _printf_fp_dec.o(.text)
    _printf_fp_dec_real                      0x08000be7   Thumb Code   620  _printf_fp_dec.o(.text)
    _printf_fp_hex_real                      0x08000e55   Thumb Code   756  _printf_fp_hex.o(.text)
    _printf_cs_common                        0x08001151   Thumb Code    20  _printf_char.o(.text)
    _printf_char                             0x08001165   Thumb Code    16  _printf_char.o(.text)
    _printf_string                           0x08001175   Thumb Code     8  _printf_char.o(.text)
    _printf_lcs_common                       0x0800117d   Thumb Code    20  _printf_wchar.o(.text)
    _printf_wchar                            0x08001191   Thumb Code    16  _printf_wchar.o(.text)
    _printf_wstring                          0x080011a1   Thumb Code     8  _printf_wchar.o(.text)
    _wcrtomb                                 0x080011a9   Thumb Code    64  _wcrtomb.o(.text)
    __user_libspace                          0x080011e9   Thumb Code     8  libspace.o(.text)
    __user_perproc_libspace                  0x080011e9   Thumb Code     0  libspace.o(.text)
    __user_perthread_libspace                0x080011e9   Thumb Code     0  libspace.o(.text)
    __user_setup_stackheap                   0x080011f1   Thumb Code    74  sys_stackheap_outer.o(.text)
    __rt_ctype_table                         0x0800123d   Thumb Code    16  rt_ctype_table.o(.text)
    __rt_locale                              0x0800124d   Thumb Code     8  rt_locale_intlibspace.o(.text)
    _printf_fp_infnan                        0x08001255   Thumb Code   112  _printf_fp_infnan.o(.text)
    _btod_etento                             0x080012d5   Thumb Code   224  bigflt0.o(.text)
    exit                                     0x080013b9   Thumb Code    18  exit.o(.text)
    __I$use$semihosting                      0x080013cb   Thumb Code     0  use_no_semi.o(.text)
    __use_no_semihosting_swi                 0x080013cb   Thumb Code     2  use_no_semi.o(.text)
    __semihosting_library_function           0x080013cd   Thumb Code     0  indicate_semi.o(.text)
    _sys_exit                                0x080013cd   Thumb Code     8  sys_exit.o(.text)
    _btod_d2e                                0x080013d9   Thumb Code    62  btod.o(CL$$btod_d2e)
    _d2e_denorm_low                          0x08001417   Thumb Code    70  btod.o(CL$$btod_d2e_denorm_low)
    _d2e_norm_op1                            0x0800145d   Thumb Code    96  btod.o(CL$$btod_d2e_norm_op1)
    __btod_div_common                        0x080014bd   Thumb Code   696  btod.o(CL$$btod_div_common)
    _e2e                                     0x080017f5   Thumb Code   220  btod.o(CL$$btod_e2e)
    _btod_ediv                               0x080018d1   Thumb Code    42  btod.o(CL$$btod_ediv)
    _btod_emul                               0x080018fb   Thumb Code    42  btod.o(CL$$btod_emul)
    __btod_mult_common                       0x08001925   Thumb Code   580  btod.o(CL$$btod_mult_common)
    BusFault_Handler                         0x08001b69   Thumb Code     4  stm32f10x_it.o(i.BusFault_Handler)
    DebugMon_Handler                         0x08001b6d   Thumb Code     2  stm32f10x_it.o(i.DebugMon_Handler)
    Delay_ms                                 0x08001b6f   Thumb Code    24  delay.o(i.Delay_ms)
    Delay_us                                 0x08001b87   Thumb Code    46  delay.o(i.Delay_us)
    EXTI15_10_IRQHandler                     0x08001bb5   Thumb Code   196  key.o(i.EXTI15_10_IRQHandler)
    EXTI_ClearITPendingBit                   0x08001c85   Thumb Code     6  stm32f10x_exti.o(i.EXTI_ClearITPendingBit)
    EXTI_GetITStatus                         0x08001c91   Thumb Code    34  stm32f10x_exti.o(i.EXTI_GetITStatus)
    EXTI_Init                                0x08001cb9   Thumb Code   142  stm32f10x_exti.o(i.EXTI_Init)
    Encoder_Get                              0x08001d4d   Thumb Code    22  encoder.o(i.Encoder_Get)
    Encoder_Get_Div4                         0x08001d69   Thumb Code    84  encoder.o(i.Encoder_Get_Div4)
    Encoder_Init                             0x08001dc5   Thumb Code   162  encoder.o(i.Encoder_Init)
    GPIO_EXTILineConfig                      0x08001e71   Thumb Code    60  stm32f10x_gpio.o(i.GPIO_EXTILineConfig)
    GPIO_Init                                0x08001eb1   Thumb Code   278  stm32f10x_gpio.o(i.GPIO_Init)
    GPIO_ReadInputDataBit                    0x08001fc7   Thumb Code    18  stm32f10x_gpio.o(i.GPIO_ReadInputDataBit)
    GPIO_WriteBit                            0x08001fd9   Thumb Code    10  stm32f10x_gpio.o(i.GPIO_WriteBit)
    Game_Snake_Advance                       0x08001fe5   Thumb Code   364  game_snake.o(i.Game_Snake_Advance)
    Game_Snake_Init                          0x0800215d   Thumb Code   156  game_snake.o(i.Game_Snake_Init)
    Game_Snake_Play                          0x08002205   Thumb Code   294  game_snake.o(i.Game_Snake_Play)
    Game_Snake_Show_Tile_8x8                 0x08002355   Thumb Code    38  game_snake.o(i.Game_Snake_Show_Tile_8x8)
    HardFault_Handler                        0x08002385   Thumb Code     4  stm32f10x_it.o(i.HardFault_Handler)
    Key_Back_Get                             0x08002389   Thumb Code    20  key.o(i.Key_Back_Get)
    Key_Down_Get                             0x080023a1   Thumb Code    20  key.o(i.Key_Down_Get)
    Key_Enter_Get                            0x080023b9   Thumb Code    20  key.o(i.Key_Enter_Get)
    Key_Init                                 0x080023d1   Thumb Code   148  key.o(i.Key_Init)
    Key_Reset_All                            0x08002469   Thumb Code    14  key.o(i.Key_Reset_All)
    Key_Up_Get                               0x0800247d   Thumb Code    20  key.o(i.Key_Up_Get)
    Map_Clear                                0x08002495   Thumb Code    36  game_snake.o(i.Map_Clear)
    Map_Update                               0x080024bd   Thumb Code    58  game_snake.o(i.Map_Update)
    MemManage_Handler                        0x080024fd   Thumb Code     4  stm32f10x_it.o(i.MemManage_Handler)
    Menu_BackEvent                           0x08002501   Thumb Code     8  menu.o(i.Menu_BackEvent)
    Menu_CurveMigration                      0x08002509   Thumb Code   132  menu.o(i.Menu_CurveMigration)
    Menu_EnterEvent                          0x08002591   Thumb Code     8  menu.o(i.Menu_EnterEvent)
    Menu_Information                         0x08002599   Thumb Code    30  menu_data.o(i.Menu_Information)
    Menu_PrintfOptionStr                     0x080025b7   Thumb Code    60  menu.o(i.Menu_PrintfOptionStr)
    Menu_RollEvent                           0x080025f3   Thumb Code    32  menu.o(i.Menu_RollEvent)
    Menu_RunGamesMenu                        0x08002615   Thumb Code    10  menu_data.o(i.Menu_RunGamesMenu)
    Menu_RunMainMenu                         0x08002625   Thumb Code    10  menu_data.o(i.Menu_RunMainMenu)
    Menu_RunMenu                             0x08002635   Thumb Code   568  menu.o(i.Menu_RunMenu)
    Menu_RunSettingMenu                      0x08002871   Thumb Code    10  menu_setting.o(i.Menu_RunSettingMenu)
    Menu_ShowCursor                          0x08002881   Thumb Code   286  menu.o(i.Menu_ShowCursor)
    NMI_Handler                              0x080029ad   Thumb Code     2  stm32f10x_it.o(i.NMI_Handler)
    NVIC_Init                                0x080029b1   Thumb Code   100  misc.o(i.NVIC_Init)
    NVIC_PriorityGroupConfig                 0x08002a21   Thumb Code    10  misc.o(i.NVIC_PriorityGroupConfig)
    OLED_Clear                               0x08002a35   Thumb Code    36  oled.o(i.OLED_Clear)
    OLED_ClearArea                           0x08002a5d   Thumb Code   162  oled.o(i.OLED_ClearArea)
    OLED_DrawPoint                           0x08002b05   Thumb Code    74  oled.o(i.OLED_DrawPoint)
    OLED_DrawRectangle                       0x08002b55   Thumb Code   142  oled.o(i.OLED_DrawRectangle)
    OLED_GPIO_Init                           0x08002be5   Thumb Code    92  oled.o(i.OLED_GPIO_Init)
    OLED_I2C_SendByte                        0x08002c45   Thumb Code    62  oled.o(i.OLED_I2C_SendByte)
    OLED_I2C_Start                           0x08002c83   Thumb Code    28  oled.o(i.OLED_I2C_Start)
    OLED_I2C_Stop                            0x08002c9f   Thumb Code    22  oled.o(i.OLED_I2C_Stop)
    OLED_Init                                0x08002cb5   Thumb Code   154  oled.o(i.OLED_Init)
    OLED_MyShowChinese                       0x08002d51   Thumb Code    98  oled_patch_byadam.o(i.OLED_MyShowChinese)
    OLED_Printf                              0x08002dbd   Thumb Code    50  oled.o(i.OLED_Printf)
    OLED_ReverseArea                         0x08002df1   Thumb Code   162  oled.o(i.OLED_ReverseArea)
    OLED_SetCursor                           0x08002e99   Thumb Code    34  oled.o(i.OLED_SetCursor)
    OLED_ShowChar                            0x08002ebd   Thumb Code    74  oled.o(i.OLED_ShowChar)
    OLED_ShowImage                           0x08002f11   Thumb Code   534  oled_patch_byadam.o(i.OLED_ShowImage)
    OLED_ShowString                          0x0800312d   Thumb Code   212  oled_patch_byadam.o(i.OLED_ShowString)
    OLED_ShowStringArea                      0x08003201   Thumb Code   270  oled_patch_byadam.o(i.OLED_ShowStringArea)
    OLED_Update                              0x08003311   Thumb Code    36  oled.o(i.OLED_Update)
    OLED_W_SCL                               0x08003339   Thumb Code    18  oled.o(i.OLED_W_SCL)
    OLED_W_SDA                               0x08003351   Thumb Code    18  oled.o(i.OLED_W_SDA)
    OLED_WriteCommand                        0x08003369   Thumb Code    32  oled.o(i.OLED_WriteCommand)
    OLED_WriteData                           0x08003389   Thumb Code    46  oled.o(i.OLED_WriteData)
    PWR_EnterSTOPMode                        0x080033b9   Thumb Code    54  stm32f10x_pwr.o(i.PWR_EnterSTOPMode)
    PWR_WakeUpPinCmd                         0x080033f9   Thumb Code     6  stm32f10x_pwr.o(i.PWR_WakeUpPinCmd)
    PendSV_Handler                           0x08003405   Thumb Code     2  stm32f10x_it.o(i.PendSV_Handler)
    Power_Off                                0x08003407   Thumb Code    64  main.o(i.Power_Off)
    RCC_APB1PeriphClockCmd                   0x08003449   Thumb Code    26  stm32f10x_rcc.o(i.RCC_APB1PeriphClockCmd)
    RCC_APB2PeriphClockCmd                   0x08003469   Thumb Code    26  stm32f10x_rcc.o(i.RCC_APB2PeriphClockCmd)
    RandFood                                 0x08003489   Thumb Code   118  game_snake.o(i.RandFood)
    SVC_Handler                              0x08003505   Thumb Code     2  stm32f10x_it.o(i.SVC_Handler)
    Set_CursorStyle                          0x080035f1   Thumb Code    56  menu_setting.o(i.Set_CursorStyle)
    Set_animation_speed                      0x08003679   Thumb Code   142  menu_setting.o(i.Set_animation_speed)
    SysTick_Handler                          0x08003775   Thumb Code     2  stm32f10x_it.o(i.SysTick_Handler)
    SystemInit                               0x08003779   Thumb Code    78  system_stm32f10x.o(i.SystemInit)
    TIM4_IRQHandler                          0x08003a19   Thumb Code    36  timer.o(i.TIM4_IRQHandler)
    TIM_ClearFlag                            0x08003a45   Thumb Code     6  stm32f10x_tim.o(i.TIM_ClearFlag)
    TIM_ClearITPendingBit                    0x08003a4b   Thumb Code     6  stm32f10x_tim.o(i.TIM_ClearITPendingBit)
    TIM_Cmd                                  0x08003a51   Thumb Code    24  stm32f10x_tim.o(i.TIM_Cmd)
    TIM_EncoderInterfaceConfig               0x08003a69   Thumb Code    66  stm32f10x_tim.o(i.TIM_EncoderInterfaceConfig)
    TIM_GetCounter                           0x08003aab   Thumb Code     6  stm32f10x_tim.o(i.TIM_GetCounter)
    TIM_GetITStatus                          0x08003ab1   Thumb Code    34  stm32f10x_tim.o(i.TIM_GetITStatus)
    TIM_ICInit                               0x08003ad5   Thumb Code   150  stm32f10x_tim.o(i.TIM_ICInit)
    TIM_ICStructInit                         0x08003b81   Thumb Code    18  stm32f10x_tim.o(i.TIM_ICStructInit)
    TIM_ITConfig                             0x08003b93   Thumb Code    18  stm32f10x_tim.o(i.TIM_ITConfig)
    TIM_InternalClockConfig                  0x08003ba5   Thumb Code    12  stm32f10x_tim.o(i.TIM_InternalClockConfig)
    TIM_SetCounter                           0x08003bb1   Thumb Code     4  stm32f10x_tim.o(i.TIM_SetCounter)
    TIM_SetIC1Prescaler                      0x08003bb5   Thumb Code    18  stm32f10x_tim.o(i.TIM_SetIC1Prescaler)
    TIM_SetIC2Prescaler                      0x08003bc7   Thumb Code    26  stm32f10x_tim.o(i.TIM_SetIC2Prescaler)
    TIM_SetIC3Prescaler                      0x08003be1   Thumb Code    18  stm32f10x_tim.o(i.TIM_SetIC3Prescaler)
    TIM_SetIC4Prescaler                      0x08003bf3   Thumb Code    26  stm32f10x_tim.o(i.TIM_SetIC4Prescaler)
    TIM_TimeBaseInit                         0x08003c0d   Thumb Code   122  stm32f10x_tim.o(i.TIM_TimeBaseInit)
    Timer_Init                               0x08003cb1   Thumb Code   122  timer.o(i.Timer_Init)
    UsageFault_Handler                       0x08003d31   Thumb Code     4  stm32f10x_it.o(i.UsageFault_Handler)
    __ARM_fpclassify                         0x08003d35   Thumb Code    40  fpclassify.o(i.__ARM_fpclassify)
    _is_digit                                0x08003d5d   Thumb Code    14  __printf_wp.o(i._is_digit)
    main                                     0x08003d6b   Thumb Code    28  main.o(i.main)
    _get_lc_numeric                          0x08003d89   Thumb Code    44  lc_numeric_c.o(locale$$code)
    _get_lc_ctype                            0x08003db5   Thumb Code    44  lc_ctype_c.o(locale$$code)
    __fpl_dretinf                            0x08003de1   Thumb Code    12  dretinf.o(x$fpl$dretinf)
    __aeabi_f2d                              0x08003ded   Thumb Code     0  f2d.o(x$fpl$f2d)
    _f2d                                     0x08003ded   Thumb Code    86  f2d.o(x$fpl$f2d)
    __aeabi_fadd                             0x08003e45   Thumb Code     0  faddsub_clz.o(x$fpl$fadd)
    _fadd                                    0x08003e45   Thumb Code   196  faddsub_clz.o(x$fpl$fadd)
    __fpl_fcmp_Inf                           0x08003f09   Thumb Code    24  fcmpi.o(x$fpl$fcmpinf)
    __aeabi_fdiv                             0x08003f21   Thumb Code     0  fdiv.o(x$fpl$fdiv)
    _fdiv                                    0x08003f21   Thumb Code   384  fdiv.o(x$fpl$fdiv)
    __aeabi_f2iz                             0x080040a5   Thumb Code     0  ffix.o(x$fpl$ffix)
    _ffix                                    0x080040a5   Thumb Code    54  ffix.o(x$fpl$ffix)
    __aeabi_f2uiz                            0x080040dd   Thumb Code     0  ffixu.o(x$fpl$ffixu)
    _ffixu                                   0x080040dd   Thumb Code    62  ffixu.o(x$fpl$ffixu)
    __aeabi_i2f                              0x0800411d   Thumb Code     0  fflt_clz.o(x$fpl$fflt)
    _fflt                                    0x0800411d   Thumb Code    48  fflt_clz.o(x$fpl$fflt)
    __aeabi_cfcmple                          0x0800414d   Thumb Code     0  fleqf.o(x$fpl$fleqf)
    _fcmple                                  0x0800414d   Thumb Code   104  fleqf.o(x$fpl$fleqf)
    __fpl_fcmple_InfNaN                      0x0800419f   Thumb Code     0  fleqf.o(x$fpl$fleqf)
    __aeabi_fmul                             0x080041b5   Thumb Code     0  fmul.o(x$fpl$fmul)
    _fmul                                    0x080041b5   Thumb Code   258  fmul.o(x$fpl$fmul)
    __fpl_fnaninf                            0x080042b7   Thumb Code   140  fnaninf.o(x$fpl$fnaninf)
    __fpl_fretinf                            0x08004343   Thumb Code    10  fretinf.o(x$fpl$fretinf)
    __aeabi_cfrcmple                         0x0800434d   Thumb Code     0  frleqf.o(x$fpl$frleqf)
    _frcmple                                 0x0800434d   Thumb Code    98  frleqf.o(x$fpl$frleqf)
    __aeabi_frsub                            0x080043af   Thumb Code     0  faddsub_clz.o(x$fpl$frsb)
    _frsb                                    0x080043af   Thumb Code    20  faddsub_clz.o(x$fpl$frsb)
    __aeabi_fsub                             0x080043c5   Thumb Code     0  faddsub_clz.o(x$fpl$fsub)
    _fsub                                    0x080043c5   Thumb Code   234  faddsub_clz.o(x$fpl$fsub)
    _printf_fp_dec                           0x080044af   Thumb Code     4  printf1.o(x$fpl$printf1)
    _printf_fp_hex                           0x080044b3   Thumb Code     4  printf2.o(x$fpl$printf2)
    Game_Snake_Tile_8x8                      0x080044b6   Data          48  game_snake.o(.constdata)
    __I$use$fp                               0x080044b6   Number         0  usenofp.o(x$fpl$usenofp)
    OLED_CF16x16                             0x080044e6   Data        1728  oled_data_hanzi.o(.constdata)
    Cursor                                   0x08004ba6   Data           8  oled_data_image.o(.constdata)
    goutou                                   0x08004bae   Data         128  oled_data_image.o(.constdata)
    XpWallpaper                              0x08004c2e   Data        1024  oled_data_image.o(.constdata)
    Win11Wallpaper                           0x0800502e   Data        1024  oled_data_image.o(.constdata)
    Wallpaper                                0x0800542e   Data        1024  oled_data_image.o(.constdata)
    OLED_F8x16                               0x0800582e   Data        1520  oled_data_ascii.o(.constdata)
    OLED_F6x8                                0x08005e1e   Data         570  oled_data_ascii.o(.constdata)
    Diode                                    0x08006058   Data          32  oled_data_ascii.o(.constdata)
    Region$$Table$$Base                      0x080061cc   Number         0  anon$$obj.o(Region$$Table)
    Region$$Table$$Limit                     0x080061ec   Number         0  anon$$obj.o(Region$$Table)
    __ctype                                  0x08006215   Data           0  lc_ctype_c.o(locale$$data)
    FreqCounter                              0x20000000   Data           4  timer.o(.data)
    d0                                       0x20000004   Data           1  encoder.o(.data)
    daytemp                                  0x20000005   Data           1  encoder.o(.data)
    Key                                      0x20000006   Data           4  key.o(.data)
    Game_Speed                               0x2000000a   Data           1  game_snake.o(.data)
    Game_Credits                             0x2000000b   Data           1  game_snake.o(.data)
    Menu_Global                              0x2000000c   Data          36  menu.o(.data)
    Menu_SettingOptionList                   0x200000b0   Data          64  menu_setting.o(.data)
    Map                                      0x200000f4   Data         128  game_snake.o(.bss)
    OLED_DisplayBuf                          0x20000174   Data        1024  oled.o(.bss)
    _random_number_data                      0x20000574   Data         228  rand.o(.bss)
    __libspace_start                         0x20000658   Data          96  libspace.o(.bss)
    __temporary_stack_top$libspace           0x200006b8   Data           0  libspace.o(.bss)



==============================================================================

Memory Map of the image

  Image Entry point : 0x080000ed

  Load Region LR_IROM1 (Base: 0x08000000, Size: 0x0000640c, Max: 0x00010000, ABSOLUTE)

    Execution Region ER_IROM1 (Exec base: 0x08000000, Load base: 0x08000000, Size: 0x00006318, Max: 0x00010000, ABSOLUTE)

    Exec Addr    Load Addr    Size         Type   Attr      Idx    E Section Name        Object

    0x08000000   0x08000000   0x000000ec   Data   RO            3    RESET               startup_stm32f10x_md.o
    0x080000ec   0x080000ec   0x00000008   Code   RO         4129  * !!!main             c_w.l(__main.o)
    0x080000f4   0x080000f4   0x00000034   Code   RO         4610    !!!scatter          c_w.l(__scatter.o)
    0x08000128   0x08000128   0x0000001a   Code   RO         4612    !!handler_copy      c_w.l(__scatter_copy.o)
    0x08000142   0x08000142   0x00000002   PAD
    0x08000144   0x08000144   0x0000001c   Code   RO         4614    !!handler_zi        c_w.l(__scatter_zi.o)
    0x08000160   0x08000160   0x00000000   Code   RO         4305    .ARM.Collect$$_printf_percent$$00000000  c_w.l(_printf_percent.o)
    0x08000160   0x08000160   0x00000006   Code   RO         4294    .ARM.Collect$$_printf_percent$$00000001  c_w.l(_printf_n.o)
    0x08000166   0x08000166   0x00000006   Code   RO         4296    .ARM.Collect$$_printf_percent$$00000002  c_w.l(_printf_p.o)
    0x0800016c   0x0800016c   0x00000006   Code   RO         4301    .ARM.Collect$$_printf_percent$$00000003  c_w.l(_printf_f.o)
    0x08000172   0x08000172   0x00000006   Code   RO         4302    .ARM.Collect$$_printf_percent$$00000004  c_w.l(_printf_e.o)
    0x08000178   0x08000178   0x00000006   Code   RO         4303    .ARM.Collect$$_printf_percent$$00000005  c_w.l(_printf_g.o)
    0x0800017e   0x0800017e   0x00000006   Code   RO         4304    .ARM.Collect$$_printf_percent$$00000006  c_w.l(_printf_a.o)
    0x08000184   0x08000184   0x0000000a   Code   RO         4309    .ARM.Collect$$_printf_percent$$00000007  c_w.l(_printf_ll.o)
    0x0800018e   0x0800018e   0x00000006   Code   RO         4298    .ARM.Collect$$_printf_percent$$00000008  c_w.l(_printf_i.o)
    0x08000194   0x08000194   0x00000006   Code   RO         4299    .ARM.Collect$$_printf_percent$$00000009  c_w.l(_printf_d.o)
    0x0800019a   0x0800019a   0x00000006   Code   RO         4300    .ARM.Collect$$_printf_percent$$0000000A  c_w.l(_printf_u.o)
    0x080001a0   0x080001a0   0x00000006   Code   RO         4297    .ARM.Collect$$_printf_percent$$0000000B  c_w.l(_printf_o.o)
    0x080001a6   0x080001a6   0x00000006   Code   RO         4295    .ARM.Collect$$_printf_percent$$0000000C  c_w.l(_printf_x.o)
    0x080001ac   0x080001ac   0x00000006   Code   RO         4306    .ARM.Collect$$_printf_percent$$0000000D  c_w.l(_printf_lli.o)
    0x080001b2   0x080001b2   0x00000006   Code   RO         4307    .ARM.Collect$$_printf_percent$$0000000E  c_w.l(_printf_lld.o)
    0x080001b8   0x080001b8   0x00000006   Code   RO         4308    .ARM.Collect$$_printf_percent$$0000000F  c_w.l(_printf_llu.o)
    0x080001be   0x080001be   0x00000006   Code   RO         4313    .ARM.Collect$$_printf_percent$$00000010  c_w.l(_printf_llo.o)
    0x080001c4   0x080001c4   0x00000006   Code   RO         4314    .ARM.Collect$$_printf_percent$$00000011  c_w.l(_printf_llx.o)
    0x080001ca   0x080001ca   0x0000000a   Code   RO         4310    .ARM.Collect$$_printf_percent$$00000012  c_w.l(_printf_l.o)
    0x080001d4   0x080001d4   0x00000006   Code   RO         4292    .ARM.Collect$$_printf_percent$$00000013  c_w.l(_printf_c.o)
    0x080001da   0x080001da   0x00000006   Code   RO         4293    .ARM.Collect$$_printf_percent$$00000014  c_w.l(_printf_s.o)
    0x080001e0   0x080001e0   0x00000006   Code   RO         4311    .ARM.Collect$$_printf_percent$$00000015  c_w.l(_printf_lc.o)
    0x080001e6   0x080001e6   0x00000006   Code   RO         4312    .ARM.Collect$$_printf_percent$$00000016  c_w.l(_printf_ls.o)
    0x080001ec   0x080001ec   0x00000004   Code   RO         4459    .ARM.Collect$$_printf_percent$$00000017  c_w.l(_printf_percent_end.o)
    0x080001f0   0x080001f0   0x00000002   Code   RO         4525    .ARM.Collect$$libinit$$00000000  c_w.l(libinit.o)
    0x080001f2   0x080001f2   0x00000000   Code   RO         4318    .ARM.Collect$$libinit$$00000002  c_w.l(libinit2.o)
    0x080001f2   0x080001f2   0x00000000   Code   RO         4320    .ARM.Collect$$libinit$$00000004  c_w.l(libinit2.o)
    0x080001f2   0x080001f2   0x00000000   Code   RO         4323    .ARM.Collect$$libinit$$0000000A  c_w.l(libinit2.o)
    0x080001f2   0x080001f2   0x00000000   Code   RO         4325    .ARM.Collect$$libinit$$0000000C  c_w.l(libinit2.o)
    0x080001f2   0x080001f2   0x00000004   Code   RO         4326    .ARM.Collect$$libinit$$0000000D  c_w.l(libinit2.o)
    0x080001f6   0x080001f6   0x00000000   Code   RO         4327    .ARM.Collect$$libinit$$0000000E  c_w.l(libinit2.o)
    0x080001f6   0x080001f6   0x00000006   Code   RO         4328    .ARM.Collect$$libinit$$0000000F  c_w.l(libinit2.o)
    0x080001fc   0x080001fc   0x00000000   Code   RO         4330    .ARM.Collect$$libinit$$00000011  c_w.l(libinit2.o)
    0x080001fc   0x080001fc   0x0000000c   Code   RO         4331    .ARM.Collect$$libinit$$00000012  c_w.l(libinit2.o)
    0x08000208   0x08000208   0x00000000   Code   RO         4332    .ARM.Collect$$libinit$$00000013  c_w.l(libinit2.o)
    0x08000208   0x08000208   0x00000000   Code   RO         4334    .ARM.Collect$$libinit$$00000015  c_w.l(libinit2.o)
    0x08000208   0x08000208   0x0000000a   Code   RO         4335    .ARM.Collect$$libinit$$00000016  c_w.l(libinit2.o)
    0x08000212   0x08000212   0x00000000   Code   RO         4336    .ARM.Collect$$libinit$$00000017  c_w.l(libinit2.o)
    0x08000212   0x08000212   0x00000000   Code   RO         4338    .ARM.Collect$$libinit$$00000019  c_w.l(libinit2.o)
    0x08000212   0x08000212   0x00000000   Code   RO         4340    .ARM.Collect$$libinit$$0000001B  c_w.l(libinit2.o)
    0x08000212   0x08000212   0x00000000   Code   RO         4342    .ARM.Collect$$libinit$$0000001D  c_w.l(libinit2.o)
    0x08000212   0x08000212   0x00000000   Code   RO         4344    .ARM.Collect$$libinit$$0000001F  c_w.l(libinit2.o)
    0x08000212   0x08000212   0x00000000   Code   RO         4346    .ARM.Collect$$libinit$$00000021  c_w.l(libinit2.o)
    0x08000212   0x08000212   0x00000000   Code   RO         4348    .ARM.Collect$$libinit$$00000023  c_w.l(libinit2.o)
    0x08000212   0x08000212   0x00000000   Code   RO         4350    .ARM.Collect$$libinit$$00000025  c_w.l(libinit2.o)
    0x08000212   0x08000212   0x00000000   Code   RO         4354    .ARM.Collect$$libinit$$0000002C  c_w.l(libinit2.o)
    0x08000212   0x08000212   0x00000000   Code   RO         4356    .ARM.Collect$$libinit$$0000002E  c_w.l(libinit2.o)
    0x08000212   0x08000212   0x00000000   Code   RO         4358    .ARM.Collect$$libinit$$00000030  c_w.l(libinit2.o)
    0x08000212   0x08000212   0x00000000   Code   RO         4360    .ARM.Collect$$libinit$$00000032  c_w.l(libinit2.o)
    0x08000212   0x08000212   0x00000002   Code   RO         4361    .ARM.Collect$$libinit$$00000033  c_w.l(libinit2.o)
    0x08000214   0x08000214   0x00000002   Code   RO         4571    .ARM.Collect$$libshutdown$$00000000  c_w.l(libshutdown.o)
    0x08000216   0x08000216   0x00000000   Code   RO         4577    .ARM.Collect$$libshutdown$$00000002  c_w.l(libshutdown2.o)
    0x08000216   0x08000216   0x00000000   Code   RO         4579    .ARM.Collect$$libshutdown$$00000004  c_w.l(libshutdown2.o)
    0x08000216   0x08000216   0x00000000   Code   RO         4582    .ARM.Collect$$libshutdown$$00000007  c_w.l(libshutdown2.o)
    0x08000216   0x08000216   0x00000000   Code   RO         4585    .ARM.Collect$$libshutdown$$0000000A  c_w.l(libshutdown2.o)
    0x08000216   0x08000216   0x00000000   Code   RO         4587    .ARM.Collect$$libshutdown$$0000000C  c_w.l(libshutdown2.o)
    0x08000216   0x08000216   0x00000000   Code   RO         4590    .ARM.Collect$$libshutdown$$0000000F  c_w.l(libshutdown2.o)
    0x08000216   0x08000216   0x00000002   Code   RO         4591    .ARM.Collect$$libshutdown$$00000010  c_w.l(libshutdown2.o)
    0x08000218   0x08000218   0x00000000   Code   RO         4221    .ARM.Collect$$rtentry$$00000000  c_w.l(__rtentry.o)
    0x08000218   0x08000218   0x00000000   Code   RO         4425    .ARM.Collect$$rtentry$$00000002  c_w.l(__rtentry2.o)
    0x08000218   0x08000218   0x00000006   Code   RO         4437    .ARM.Collect$$rtentry$$00000004  c_w.l(__rtentry4.o)
    0x0800021e   0x0800021e   0x00000000   Code   RO         4427    .ARM.Collect$$rtentry$$00000009  c_w.l(__rtentry2.o)
    0x0800021e   0x0800021e   0x00000004   Code   RO         4428    .ARM.Collect$$rtentry$$0000000A  c_w.l(__rtentry2.o)
    0x08000222   0x08000222   0x00000000   Code   RO         4430    .ARM.Collect$$rtentry$$0000000C  c_w.l(__rtentry2.o)
    0x08000222   0x08000222   0x00000008   Code   RO         4431    .ARM.Collect$$rtentry$$0000000D  c_w.l(__rtentry2.o)
    0x0800022a   0x0800022a   0x00000002   Code   RO         4532    .ARM.Collect$$rtexit$$00000000  c_w.l(rtexit.o)
    0x0800022c   0x0800022c   0x00000000   Code   RO         4549    .ARM.Collect$$rtexit$$00000002  c_w.l(rtexit2.o)
    0x0800022c   0x0800022c   0x00000004   Code   RO         4550    .ARM.Collect$$rtexit$$00000003  c_w.l(rtexit2.o)
    0x08000230   0x08000230   0x00000006   Code   RO         4551    .ARM.Collect$$rtexit$$00000004  c_w.l(rtexit2.o)
    0x08000236   0x08000236   0x00000002   PAD
    0x08000238   0x08000238   0x00000034   Code   RO         4118    .emb_text           c_w.l(rand.o)
    0x0800026c   0x0800026c   0x00000040   Code   RO            4    .text               startup_stm32f10x_md.o
    0x080002ac   0x080002ac   0x00000024   Code   RO         4116    .text               c_w.l(vsprintf.o)
    0x080002d0   0x080002d0   0x0000003c   Code   RO         4119    .text               c_w.l(rand.o)
    0x0800030c   0x0800030c   0x00000080   Code   RO         4125    .text               c_w.l(strcmpv7m.o)
    0x0800038c   0x0800038c   0x00000006   Code   RO         4127    .text               c_w.l(heapauxi.o)
    0x08000392   0x08000392   0x0000004e   Code   RO         4226    .text               c_w.l(_printf_pad.o)
    0x080003e0   0x080003e0   0x00000024   Code   RO         4228    .text               c_w.l(_printf_truncate.o)
    0x08000404   0x08000404   0x00000052   Code   RO         4230    .text               c_w.l(_printf_str.o)
    0x08000456   0x08000456   0x00000002   PAD
    0x08000458   0x08000458   0x00000078   Code   RO         4232    .text               c_w.l(_printf_dec.o)
    0x080004d0   0x080004d0   0x00000028   Code   RO         4234    .text               c_w.l(_printf_charcount.o)
    0x080004f8   0x080004f8   0x00000030   Code   RO         4236    .text               c_w.l(_printf_char_common.o)
    0x08000528   0x08000528   0x0000000a   Code   RO         4238    .text               c_w.l(_sputc.o)
    0x08000532   0x08000532   0x00000002   PAD
    0x08000534   0x08000534   0x000000bc   Code   RO         4240    .text               c_w.l(_printf_wctomb.o)
    0x080005f0   0x080005f0   0x0000007c   Code   RO         4243    .text               c_w.l(_printf_longlong_dec.o)
    0x0800066c   0x0800066c   0x00000070   Code   RO         4249    .text               c_w.l(_printf_oct_int_ll.o)
    0x080006dc   0x080006dc   0x00000094   Code   RO         4269    .text               c_w.l(_printf_hex_int_ll_ptr.o)
    0x08000770   0x08000770   0x00000188   Code   RO         4289    .text               c_w.l(__printf_flags_ss_wp.o)
    0x080008f8   0x080008f8   0x0000008a   Code   RO         4444    .text               c_w.l(lludiv10.o)
    0x08000982   0x08000982   0x000000b2   Code   RO         4446    .text               c_w.l(_printf_intcommon.o)
    0x08000a34   0x08000a34   0x0000041e   Code   RO         4448    .text               c_w.l(_printf_fp_dec.o)
    0x08000e52   0x08000e52   0x00000002   PAD
    0x08000e54   0x08000e54   0x000002fc   Code   RO         4450    .text               c_w.l(_printf_fp_hex.o)
    0x08001150   0x08001150   0x0000002c   Code   RO         4455    .text               c_w.l(_printf_char.o)
    0x0800117c   0x0800117c   0x0000002c   Code   RO         4457    .text               c_w.l(_printf_wchar.o)
    0x080011a8   0x080011a8   0x00000040   Code   RO         4460    .text               c_w.l(_wcrtomb.o)
    0x080011e8   0x080011e8   0x00000008   Code   RO         4472    .text               c_w.l(libspace.o)
    0x080011f0   0x080011f0   0x0000004a   Code   RO         4475    .text               c_w.l(sys_stackheap_outer.o)
    0x0800123a   0x0800123a   0x00000002   PAD
    0x0800123c   0x0800123c   0x00000010   Code   RO         4477    .text               c_w.l(rt_ctype_table.o)
    0x0800124c   0x0800124c   0x00000008   Code   RO         4482    .text               c_w.l(rt_locale_intlibspace.o)
    0x08001254   0x08001254   0x00000080   Code   RO         4484    .text               c_w.l(_printf_fp_infnan.o)
    0x080012d4   0x080012d4   0x000000e4   Code   RO         4486    .text               c_w.l(bigflt0.o)
    0x080013b8   0x080013b8   0x00000012   Code   RO         4514    .text               c_w.l(exit.o)
    0x080013ca   0x080013ca   0x00000002   Code   RO         4545    .text               c_w.l(use_no_semi.o)
    0x080013cc   0x080013cc   0x00000000   Code   RO         4547    .text               c_w.l(indicate_semi.o)
    0x080013cc   0x080013cc   0x0000000c   Code   RO         4563    .text               c_w.l(sys_exit.o)
    0x080013d8   0x080013d8   0x0000003e   Code   RO         4489    CL$$btod_d2e        c_w.l(btod.o)
    0x08001416   0x08001416   0x00000046   Code   RO         4491    CL$$btod_d2e_denorm_low  c_w.l(btod.o)
    0x0800145c   0x0800145c   0x00000060   Code   RO         4490    CL$$btod_d2e_norm_op1  c_w.l(btod.o)
    0x080014bc   0x080014bc   0x00000338   Code   RO         4499    CL$$btod_div_common  c_w.l(btod.o)
    0x080017f4   0x080017f4   0x000000dc   Code   RO         4496    CL$$btod_e2e        c_w.l(btod.o)
    0x080018d0   0x080018d0   0x0000002a   Code   RO         4493    CL$$btod_ediv       c_w.l(btod.o)
    0x080018fa   0x080018fa   0x0000002a   Code   RO         4492    CL$$btod_emul       c_w.l(btod.o)
    0x08001924   0x08001924   0x00000244   Code   RO         4498    CL$$btod_mult_common  c_w.l(btod.o)
    0x08001b68   0x08001b68   0x00000004   Code   RO         3490    i.BusFault_Handler  stm32f10x_it.o
    0x08001b6c   0x08001b6c   0x00000002   Code   RO         3491    i.DebugMon_Handler  stm32f10x_it.o
    0x08001b6e   0x08001b6e   0x00000018   Code   RO         3196    i.Delay_ms          delay.o
    0x08001b86   0x08001b86   0x0000002e   Code   RO         3198    i.Delay_us          delay.o
    0x08001bb4   0x08001bb4   0x000000d0   Code   RO         3298    i.EXTI15_10_IRQHandler  key.o
    0x08001c84   0x08001c84   0x0000000c   Code   RO          985    i.EXTI_ClearITPendingBit  stm32f10x_exti.o
    0x08001c90   0x08001c90   0x00000028   Code   RO          989    i.EXTI_GetITStatus  stm32f10x_exti.o
    0x08001cb8   0x08001cb8   0x00000094   Code   RO          990    i.EXTI_Init         stm32f10x_exti.o
    0x08001d4c   0x08001d4c   0x0000001c   Code   RO         3259    i.Encoder_Get       encoder.o
    0x08001d68   0x08001d68   0x0000005c   Code   RO         3260    i.Encoder_Get_Div4  encoder.o
    0x08001dc4   0x08001dc4   0x000000ac   Code   RO         3262    i.Encoder_Init      encoder.o
    0x08001e70   0x08001e70   0x00000040   Code   RO         1344    i.GPIO_EXTILineConfig  stm32f10x_gpio.o
    0x08001eb0   0x08001eb0   0x00000116   Code   RO         1347    i.GPIO_Init         stm32f10x_gpio.o
    0x08001fc6   0x08001fc6   0x00000012   Code   RO         1351    i.GPIO_ReadInputDataBit  stm32f10x_gpio.o
    0x08001fd8   0x08001fd8   0x0000000a   Code   RO         1358    i.GPIO_WriteBit     stm32f10x_gpio.o
    0x08001fe2   0x08001fe2   0x00000002   PAD
    0x08001fe4   0x08001fe4   0x00000178   Code   RO         3553    i.Game_Snake_Advance  game_snake.o
    0x0800215c   0x0800215c   0x000000a8   Code   RO         3555    i.Game_Snake_Init   game_snake.o
    0x08002204   0x08002204   0x00000150   Code   RO         3556    i.Game_Snake_Play   game_snake.o
    0x08002354   0x08002354   0x00000030   Code   RO         3557    i.Game_Snake_Show_Tile_8x8  game_snake.o
    0x08002384   0x08002384   0x00000004   Code   RO         3492    i.HardFault_Handler  stm32f10x_it.o
    0x08002388   0x08002388   0x00000018   Code   RO         3299    i.Key_Back_Get      key.o
    0x080023a0   0x080023a0   0x00000018   Code   RO         3300    i.Key_Down_Get      key.o
    0x080023b8   0x080023b8   0x00000018   Code   RO         3301    i.Key_Enter_Get     key.o
    0x080023d0   0x080023d0   0x00000098   Code   RO         3302    i.Key_Init          key.o
    0x08002468   0x08002468   0x00000014   Code   RO         3303    i.Key_Reset_All     key.o
    0x0800247c   0x0800247c   0x00000018   Code   RO         3304    i.Key_Up_Get        key.o
    0x08002494   0x08002494   0x00000028   Code   RO         3558    i.Map_Clear         game_snake.o
    0x080024bc   0x080024bc   0x00000040   Code   RO         3559    i.Map_Update        game_snake.o
    0x080024fc   0x080024fc   0x00000004   Code   RO         3493    i.MemManage_Handler  stm32f10x_it.o
    0x08002500   0x08002500   0x00000008   Code   RO         3959    i.Menu_BackEvent    menu.o
    0x08002508   0x08002508   0x00000088   Code   RO         3960    i.Menu_CurveMigration  menu.o
    0x08002590   0x08002590   0x00000008   Code   RO         3961    i.Menu_EnterEvent   menu.o
    0x08002598   0x08002598   0x0000001e   Code   RO         4029    i.Menu_Information  menu_data.o
    0x080025b6   0x080025b6   0x0000003c   Code   RO         3963    i.Menu_PrintfOptionStr  menu.o
    0x080025f2   0x080025f2   0x00000020   Code   RO         3964    i.Menu_RollEvent    menu.o
    0x08002612   0x08002612   0x00000002   PAD
    0x08002614   0x08002614   0x00000010   Code   RO         4030    i.Menu_RunGamesMenu  menu_data.o
    0x08002624   0x08002624   0x00000010   Code   RO         4031    i.Menu_RunMainMenu  menu_data.o
    0x08002634   0x08002634   0x0000023c   Code   RO         3965    i.Menu_RunMenu      menu.o
    0x08002870   0x08002870   0x00000010   Code   RO         4059    i.Menu_RunSettingMenu  menu_setting.o
    0x08002880   0x08002880   0x0000012c   Code   RO         3966    i.Menu_ShowCursor   menu.o
    0x080029ac   0x080029ac   0x00000002   Code   RO         3494    i.NMI_Handler       stm32f10x_it.o
    0x080029ae   0x080029ae   0x00000002   PAD
    0x080029b0   0x080029b0   0x00000070   Code   RO          137    i.NVIC_Init         misc.o
    0x08002a20   0x08002a20   0x00000014   Code   RO          138    i.NVIC_PriorityGroupConfig  misc.o
    0x08002a34   0x08002a34   0x00000028   Code   RO         3622    i.OLED_Clear        oled.o
    0x08002a5c   0x08002a5c   0x000000a8   Code   RO         3623    i.OLED_ClearArea    oled.o
    0x08002b04   0x08002b04   0x00000050   Code   RO         3628    i.OLED_DrawPoint    oled.o
    0x08002b54   0x08002b54   0x0000008e   Code   RO         3629    i.OLED_DrawRectangle  oled.o
    0x08002be2   0x08002be2   0x00000002   PAD
    0x08002be4   0x08002be4   0x00000060   Code   RO         3631    i.OLED_GPIO_Init    oled.o
    0x08002c44   0x08002c44   0x0000003e   Code   RO         3633    i.OLED_I2C_SendByte  oled.o
    0x08002c82   0x08002c82   0x0000001c   Code   RO         3634    i.OLED_I2C_Start    oled.o
    0x08002c9e   0x08002c9e   0x00000016   Code   RO         3635    i.OLED_I2C_Stop     oled.o
    0x08002cb4   0x08002cb4   0x0000009a   Code   RO         3636    i.OLED_Init         oled.o
    0x08002d4e   0x08002d4e   0x00000002   PAD
    0x08002d50   0x08002d50   0x0000006c   Code   RO         3868    i.OLED_MyShowChinese  oled_patch_byadam.o
    0x08002dbc   0x08002dbc   0x00000032   Code   RO         3639    i.OLED_Printf       oled.o
    0x08002dee   0x08002dee   0x00000002   PAD
    0x08002df0   0x08002df0   0x000000a8   Code   RO         3641    i.OLED_ReverseArea  oled.o
    0x08002e98   0x08002e98   0x00000022   Code   RO         3642    i.OLED_SetCursor    oled.o
    0x08002eba   0x08002eba   0x00000002   PAD
    0x08002ebc   0x08002ebc   0x00000054   Code   RO         3644    i.OLED_ShowChar     oled.o
    0x08002f10   0x08002f10   0x0000021c   Code   RO         3871    i.OLED_ShowImage    oled_patch_byadam.o
    0x0800312c   0x0800312c   0x000000d4   Code   RO         3872    i.OLED_ShowString   oled_patch_byadam.o
    0x08003200   0x08003200   0x0000010e   Code   RO         3873    i.OLED_ShowStringArea  oled_patch_byadam.o
    0x0800330e   0x0800330e   0x00000002   PAD
    0x08003310   0x08003310   0x00000028   Code   RO         3650    i.OLED_Update       oled.o
    0x08003338   0x08003338   0x00000018   Code   RO         3653    i.OLED_W_SCL        oled.o
    0x08003350   0x08003350   0x00000018   Code   RO         3654    i.OLED_W_SDA        oled.o
    0x08003368   0x08003368   0x00000020   Code   RO         3655    i.OLED_WriteCommand  oled.o
    0x08003388   0x08003388   0x0000002e   Code   RO         3656    i.OLED_WriteData    oled.o
    0x080033b6   0x080033b6   0x00000002   PAD
    0x080033b8   0x080033b8   0x00000040   Code   RO         1714    i.PWR_EnterSTOPMode  stm32f10x_pwr.o
    0x080033f8   0x080033f8   0x0000000c   Code   RO         1718    i.PWR_WakeUpPinCmd  stm32f10x_pwr.o
    0x08003404   0x08003404   0x00000002   Code   RO         3495    i.PendSV_Handler    stm32f10x_it.o
    0x08003406   0x08003406   0x00000040   Code   RO         3352    i.Power_Off         main.o
    0x08003446   0x08003446   0x00000002   PAD
    0x08003448   0x08003448   0x00000020   Code   RO         1775    i.RCC_APB1PeriphClockCmd  stm32f10x_rcc.o
    0x08003468   0x08003468   0x00000020   Code   RO         1777    i.RCC_APB2PeriphClockCmd  stm32f10x_rcc.o
    0x08003488   0x08003488   0x0000007c   Code   RO         3560    i.RandFood          game_snake.o
    0x08003504   0x08003504   0x00000002   Code   RO         3496    i.SVC_Handler       stm32f10x_it.o
    0x08003506   0x08003506   0x00000008   Code   RO           24    i.SetSysClock       system_stm32f10x.o
    0x0800350e   0x0800350e   0x00000002   PAD
    0x08003510   0x08003510   0x000000e0   Code   RO           25    i.SetSysClockTo72   system_stm32f10x.o
    0x080035f0   0x080035f0   0x00000088   Code   RO         4060    i.Set_CursorStyle   menu_setting.o
    0x08003678   0x08003678   0x000000fc   Code   RO         4061    i.Set_animation_speed  menu_setting.o
    0x08003774   0x08003774   0x00000002   Code   RO         3497    i.SysTick_Handler   stm32f10x_it.o
    0x08003776   0x08003776   0x00000002   PAD
    0x08003778   0x08003778   0x00000060   Code   RO           27    i.SystemInit        system_stm32f10x.o
    0x080037d8   0x080037d8   0x00000080   Code   RO         2405    i.TI1_Config        stm32f10x_tim.o
    0x08003858   0x08003858   0x00000098   Code   RO         2406    i.TI2_Config        stm32f10x_tim.o
    0x080038f0   0x080038f0   0x00000090   Code   RO         2407    i.TI3_Config        stm32f10x_tim.o
    0x08003980   0x08003980   0x00000098   Code   RO         2408    i.TI4_Config        stm32f10x_tim.o
    0x08003a18   0x08003a18   0x0000002c   Code   RO         3220    i.TIM4_IRQHandler   timer.o
    0x08003a44   0x08003a44   0x00000006   Code   RO         2415    i.TIM_ClearFlag     stm32f10x_tim.o
    0x08003a4a   0x08003a4a   0x00000006   Code   RO         2416    i.TIM_ClearITPendingBit  stm32f10x_tim.o
    0x08003a50   0x08003a50   0x00000018   Code   RO         2421    i.TIM_Cmd           stm32f10x_tim.o
    0x08003a68   0x08003a68   0x00000042   Code   RO         2430    i.TIM_EncoderInterfaceConfig  stm32f10x_tim.o
    0x08003aaa   0x08003aaa   0x00000006   Code   RO         2440    i.TIM_GetCounter    stm32f10x_tim.o
    0x08003ab0   0x08003ab0   0x00000022   Code   RO         2442    i.TIM_GetITStatus   stm32f10x_tim.o
    0x08003ad2   0x08003ad2   0x00000002   PAD
    0x08003ad4   0x08003ad4   0x000000ac   Code   RO         2444    i.TIM_ICInit        stm32f10x_tim.o
    0x08003b80   0x08003b80   0x00000012   Code   RO         2445    i.TIM_ICStructInit  stm32f10x_tim.o
    0x08003b92   0x08003b92   0x00000012   Code   RO         2446    i.TIM_ITConfig      stm32f10x_tim.o
    0x08003ba4   0x08003ba4   0x0000000c   Code   RO         2448    i.TIM_InternalClockConfig  stm32f10x_tim.o
    0x08003bb0   0x08003bb0   0x00000004   Code   RO         2486    i.TIM_SetCounter    stm32f10x_tim.o
    0x08003bb4   0x08003bb4   0x00000012   Code   RO         2487    i.TIM_SetIC1Prescaler  stm32f10x_tim.o
    0x08003bc6   0x08003bc6   0x0000001a   Code   RO         2488    i.TIM_SetIC2Prescaler  stm32f10x_tim.o
    0x08003be0   0x08003be0   0x00000012   Code   RO         2489    i.TIM_SetIC3Prescaler  stm32f10x_tim.o
    0x08003bf2   0x08003bf2   0x0000001a   Code   RO         2490    i.TIM_SetIC4Prescaler  stm32f10x_tim.o
    0x08003c0c   0x08003c0c   0x000000a4   Code   RO         2492    i.TIM_TimeBaseInit  stm32f10x_tim.o
    0x08003cb0   0x08003cb0   0x00000080   Code   RO         3223    i.Timer_Init        timer.o
    0x08003d30   0x08003d30   0x00000004   Code   RO         3498    i.UsageFault_Handler  stm32f10x_it.o
    0x08003d34   0x08003d34   0x00000028   Code   RO         4468    i.__ARM_fpclassify  m_ws.l(fpclassify.o)
    0x08003d5c   0x08003d5c   0x0000000e   Code   RO         4282    i._is_digit         c_w.l(__printf_wp.o)
    0x08003d6a   0x08003d6a   0x0000001c   Code   RO         3353    i.main              main.o
    0x08003d86   0x08003d86   0x00000002   PAD
    0x08003d88   0x08003d88   0x0000002c   Code   RO         4512    locale$$code        c_w.l(lc_numeric_c.o)
    0x08003db4   0x08003db4   0x0000002c   Code   RO         4537    locale$$code        c_w.l(lc_ctype_c.o)
    0x08003de0   0x08003de0   0x0000000c   Code   RO         4366    x$fpl$dretinf       fz_ws.l(dretinf.o)
    0x08003dec   0x08003dec   0x00000056   Code   RO         4163    x$fpl$f2d           fz_ws.l(f2d.o)
    0x08003e42   0x08003e42   0x00000002   PAD
    0x08003e44   0x08003e44   0x000000c4   Code   RO         4165    x$fpl$fadd          fz_ws.l(faddsub_clz.o)
    0x08003f08   0x08003f08   0x00000018   Code   RO         4370    x$fpl$fcmpinf       fz_ws.l(fcmpi.o)
    0x08003f20   0x08003f20   0x00000184   Code   RO         4172    x$fpl$fdiv          fz_ws.l(fdiv.o)
    0x080040a4   0x080040a4   0x00000036   Code   RO         4175    x$fpl$ffix          fz_ws.l(ffix.o)
    0x080040da   0x080040da   0x00000002   PAD
    0x080040dc   0x080040dc   0x0000003e   Code   RO         4179    x$fpl$ffixu         fz_ws.l(ffixu.o)
    0x0800411a   0x0800411a   0x00000002   PAD
    0x0800411c   0x0800411c   0x00000030   Code   RO         4184    x$fpl$fflt          fz_ws.l(fflt_clz.o)
    0x0800414c   0x0800414c   0x00000068   Code   RO         4189    x$fpl$fleqf         fz_ws.l(fleqf.o)
    0x080041b4   0x080041b4   0x00000102   Code   RO         4191    x$fpl$fmul          fz_ws.l(fmul.o)
    0x080042b6   0x080042b6   0x0000008c   Code   RO         4372    x$fpl$fnaninf       fz_ws.l(fnaninf.o)
    0x08004342   0x08004342   0x0000000a   Code   RO         4374    x$fpl$fretinf       fz_ws.l(fretinf.o)
    0x0800434c   0x0800434c   0x00000062   Code   RO         4193    x$fpl$frleqf        fz_ws.l(frleqf.o)
    0x080043ae   0x080043ae   0x00000014   Code   RO         4166    x$fpl$frsb          fz_ws.l(faddsub_clz.o)
    0x080043c2   0x080043c2   0x00000002   PAD
    0x080043c4   0x080043c4   0x000000ea   Code   RO         4167    x$fpl$fsub          fz_ws.l(faddsub_clz.o)
    0x080044ae   0x080044ae   0x00000004   Code   RO         4376    x$fpl$printf1       fz_ws.l(printf1.o)
    0x080044b2   0x080044b2   0x00000004   Code   RO         4378    x$fpl$printf2       fz_ws.l(printf2.o)
    0x080044b6   0x080044b6   0x00000000   Code   RO         4384    x$fpl$usenofp       fz_ws.l(usenofp.o)
    0x080044b6   0x080044b6   0x00000030   Data   RO         3562    .constdata          game_snake.o
    0x080044e6   0x080044e6   0x000006c0   Data   RO         3920    .constdata          oled_data_hanzi.o
    0x08004ba6   0x08004ba6   0x00000c88   Data   RO         3933    .constdata          oled_data_image.o
    0x0800582e   0x0800582e   0x0000084a   Data   RO         3946    .constdata          oled_data_ascii.o
    0x08006078   0x08006078   0x00000008   Data   RO         4241    .constdata          c_w.l(_printf_wctomb.o)
    0x08006080   0x08006080   0x00000028   Data   RO         4270    .constdata          c_w.l(_printf_hex_int_ll_ptr.o)
    0x080060a8   0x080060a8   0x00000011   Data   RO         4290    .constdata          c_w.l(__printf_flags_ss_wp.o)
    0x080060b9   0x080060b9   0x00000026   Data   RO         4451    .constdata          c_w.l(_printf_fp_hex.o)
    0x080060df   0x080060df   0x00000001   PAD
    0x080060e0   0x080060e0   0x00000094   Data   RO         4487    .constdata          c_w.l(bigflt0.o)
    0x08006174   0x08006174   0x0000002a   Data   RO         4032    .conststring        menu_data.o
    0x0800619e   0x0800619e   0x00000002   PAD
    0x080061a0   0x080061a0   0x00000029   Data   RO         4062    .conststring        menu_setting.o
    0x080061c9   0x080061c9   0x00000003   PAD
    0x080061cc   0x080061cc   0x00000020   Data   RO         4608    Region$$Table       anon$$obj.o
    0x080061ec   0x080061ec   0x0000001c   Data   RO         4511    locale$$data        c_w.l(lc_numeric_c.o)
    0x08006208   0x08006208   0x00000110   Data   RO         4536    locale$$data        c_w.l(lc_ctype_c.o)


    Execution Region RW_IRAM1 (Exec base: 0x20000000, Load base: 0x08006318, Size: 0x00000cb8, Max: 0x00005000, ABSOLUTE)

    Exec Addr    Load Addr    Size         Type   Attr      Idx    E Section Name        Object

    0x20000000   0x08006318   0x00000004   Data   RW         3225    .data               timer.o
    0x20000004   0x0800631c   0x00000002   Data   RW         3264    .data               encoder.o
    0x20000006   0x0800631e   0x00000004   Data   RW         3305    .data               key.o
    0x2000000a   0x08006322   0x00000002   Data   RW         3563    .data               game_snake.o
    0x2000000c   0x08006324   0x00000024   Data   RW         3968    .data               menu.o
    0x20000030   0x08006348   0x00000080   Data   RW         4033    .data               menu_data.o
    0x200000b0   0x080063c8   0x00000041   Data   RW         4063    .data               menu_setting.o
    0x200000f1   0x08006409   0x00000003   PAD
    0x200000f4        -       0x00000080   Zero   RW         3561    .bss                game_snake.o
    0x20000174        -       0x00000400   Zero   RW         3658    .bss                oled.o
    0x20000574        -       0x000000e4   Zero   RW         4120    .bss                c_w.l(rand.o)
    0x20000658        -       0x00000060   Zero   RW         4473    .bss                c_w.l(libspace.o)
    0x200006b8        -       0x00000200   Zero   RW            2    HEAP                startup_stm32f10x_md.o
    0x200008b8        -       0x00000400   Zero   RW            1    STACK               startup_stm32f10x_md.o


==============================================================================

Image component sizes


      Code (inc. data)   RO Data    RW Data    ZI Data      Debug   Object Name

         0          0          0          0          0       4508   core_cm3.o
        70          0          0          0          0       1026   delay.o
       292         24          0          2          0       2125   encoder.o
      1156         92         48          2        128       5902   game_snake.o
       476         38          0          4          0       4603   key.o
        92          0          0          0          0       9303   main.o
      1116         22          0         36          0       6544   menu.o
        62         12         42        128          0       2496   menu_data.o
       404        196         41         65          0       2047   menu_setting.o
       132         22          0          0          0     207203   misc.o
      1294         52          0          0       1024      11815   oled.o
         0          0       2122          0          0        653   oled_data_ascii.o
         0          0       1728          0          0       1425   oled_data_hanzi.o
         0          0       3208          0          0        741   oled_data_image.o
      1130         16          0          0          0       4354   oled_patch_byadam.o
        64         26        236          0       1536        860   startup_stm32f10x_md.o
         0          0          0          0          0       1708   stm32f10x_adc.o
       200         18          0          0          0       4348   stm32f10x_exti.o
       370          4          0          0          0      12226   stm32f10x_gpio.o
        26          0          0          0          0       3910   stm32f10x_it.o
        76         16          0          0          0       1179   stm32f10x_pwr.o
        64         12          0          0          0       1178   stm32f10x_rcc.o
      1194        150          0          0          0      33667   stm32f10x_tim.o
       328         28          0          0          0      30785   system_stm32f10x.o
       172         14          0          4          0       1717   timer.o

    ----------------------------------------------------------------------
      8746        742       7462        244       2688     356323   Object Totals
         0          0         32          0          0          0   (incl. Generated)
        28          0          5          3          0          0   (incl. Padding)

    ----------------------------------------------------------------------

      Code (inc. data)   RO Data    RW Data    ZI Data      Debug   Library Member Name

         8          0          0          0          0         68   __main.o
       392          4         17          0          0         92   __printf_flags_ss_wp.o
        14          0          0          0          0         68   __printf_wp.o
         0          0          0          0          0          0   __rtentry.o
        12          0          0          0          0          0   __rtentry2.o
         6          0          0          0          0          0   __rtentry4.o
        52          8          0          0          0          0   __scatter.o
        26          0          0          0          0          0   __scatter_copy.o
        28          0          0          0          0          0   __scatter_zi.o
         6          0          0          0          0          0   _printf_a.o
         6          0          0          0          0          0   _printf_c.o
        44          0          0          0          0        108   _printf_char.o
        48          6          0          0          0         96   _printf_char_common.o
        40          0          0          0          0         68   _printf_charcount.o
         6          0          0          0          0          0   _printf_d.o
       120         16          0          0          0         92   _printf_dec.o
         6          0          0          0          0          0   _printf_e.o
         6          0          0          0          0          0   _printf_f.o
      1054          0          0          0          0        216   _printf_fp_dec.o
       764          8         38          0          0        100   _printf_fp_hex.o
       128         16          0          0          0         84   _printf_fp_infnan.o
         6          0          0          0          0          0   _printf_g.o
       148          4         40          0          0        160   _printf_hex_int_ll_ptr.o
         6          0          0          0          0          0   _printf_i.o
       178          0          0          0          0         88   _printf_intcommon.o
        10          0          0          0          0          0   _printf_l.o
         6          0          0          0          0          0   _printf_lc.o
        10          0          0          0          0          0   _printf_ll.o
         6          0          0          0          0          0   _printf_lld.o
         6          0          0          0          0          0   _printf_lli.o
         6          0          0          0          0          0   _printf_llo.o
         6          0          0          0          0          0   _printf_llu.o
         6          0          0          0          0          0   _printf_llx.o
       124         16          0          0          0         92   _printf_longlong_dec.o
         6          0          0          0          0          0   _printf_ls.o
         6          0          0          0          0          0   _printf_n.o
         6          0          0          0          0          0   _printf_o.o
       112         10          0          0          0        124   _printf_oct_int_ll.o
         6          0          0          0          0          0   _printf_p.o
        78          0          0          0          0        108   _printf_pad.o
         0          0          0          0          0          0   _printf_percent.o
         4          0          0          0          0          0   _printf_percent_end.o
         6          0          0          0          0          0   _printf_s.o
        82          0          0          0          0         80   _printf_str.o
        36          0          0          0          0         84   _printf_truncate.o
         6          0          0          0          0          0   _printf_u.o
        44          0          0          0          0        108   _printf_wchar.o
       188          6          8          0          0         92   _printf_wctomb.o
         6          0          0          0          0          0   _printf_x.o
        10          0          0          0          0         68   _sputc.o
        64          0          0          0          0         92   _wcrtomb.o
       228          4        148          0          0         96   bigflt0.o
      1936        128          0          0          0        672   btod.o
        18          0          0          0          0         80   exit.o
         6          0          0          0          0        152   heapauxi.o
         0          0          0          0          0          0   indicate_semi.o
        44         10        272          0          0         76   lc_ctype_c.o
        44         10         28          0          0         76   lc_numeric_c.o
         2          0          0          0          0          0   libinit.o
        34          0          0          0          0          0   libinit2.o
         2          0          0          0          0          0   libshutdown.o
         2          0          0          0          0          0   libshutdown2.o
         8          4          0          0         96         68   libspace.o
       138          0          0          0          0         80   lludiv10.o
       112         18          0          0        228        160   rand.o
        16          4          0          0          0         76   rt_ctype_table.o
         8          4          0          0          0         68   rt_locale_intlibspace.o
         2          0          0          0          0          0   rtexit.o
        10          0          0          0          0          0   rtexit2.o
       128          0          0          0          0         68   strcmpv7m.o
        12          4          0          0          0         68   sys_exit.o
        74          0          0          0          0         80   sys_stackheap_outer.o
         2          0          0          0          0         68   use_no_semi.o
        36          4          0          0          0         76   vsprintf.o
        12          0          0          0          0         68   dretinf.o
        86          4          0          0          0         84   f2d.o
       450          8          0          0          0        236   faddsub_clz.o
        24          0          0          0          0         68   fcmpi.o
       388         76          0          0          0         96   fdiv.o
        54          4          0          0          0         84   ffix.o
        62          4          0          0          0         84   ffixu.o
        48          0          0          0          0         68   fflt_clz.o
       104          4          0          0          0         84   fleqf.o
       258          4          0          0          0         84   fmul.o
       140          4          0          0          0         84   fnaninf.o
        10          0          0          0          0         68   fretinf.o
        98          0          0          0          0         68   frleqf.o
         4          0          0          0          0         68   printf1.o
         4          0          0          0          0         68   printf2.o
         0          0          0          0          0          0   usenofp.o
        40          0          0          0          0         68   fpclassify.o

    ----------------------------------------------------------------------
      8608        392        552          0        324       5432   Library Totals
        20          0          1          0          0          0   (incl. Padding)

    ----------------------------------------------------------------------

      Code (inc. data)   RO Data    RW Data    ZI Data      Debug   Library Name

      6806        284        551          0        324       4052   c_w.l
      1742        108          0          0          0       1312   fz_ws.l
        40          0          0          0          0         68   m_ws.l

    ----------------------------------------------------------------------
      8608        392        552          0        324       5432   Library Totals

    ----------------------------------------------------------------------

==============================================================================


      Code (inc. data)   RO Data    RW Data    ZI Data      Debug   

     17354       1134       8014        244       3012     353483   Grand Totals
     17354       1134       8014        244       3012     353483   ELF Image Totals
     17354       1134       8014        244          0          0   ROM Totals

==============================================================================

    Total RO  Size (Code + RO Data)                25368 (  24.77kB)
    Total RW  Size (RW Data + ZI Data)              3256 (   3.18kB)
    Total ROM Size (Code + RO Data + RW Data)      25612 (  25.01kB)

==============================================================================

